BL51 BANKED LINKER/LOCATER V6.22.2.0                                                    11/25/2025  14:33:30  PAGE 1


BL51 BANKED LINKER/LOCATER V6.22.2.0, INVOKED BY:
D:\DEVTOOLS\KEIL_5\KEIL_V5\C51\BIN\BL51.EXE .\Objects\STARTUP.obj, .\Objects\edid.obj, .\Objects\globalV.obj, .\Objects\
>> main.obj, .\Objects\register.obj, .\Objects\Lt7911.obj, .\Objects\mipi.obj, .\Objects\lt1605_dcs.obj, ..\User\V26_202
>> 4091301.LIB TO .\Objects\LT7911D_C2CSI_Burst_1920x1080_251125_02 PRINT (.\Listings\LT7911D_C2CSI_Burst_1920x1080_2511
>> 25_02.m51) RAMSIZE (256) XDATA (0X0000-0X03FF)


MEMORY MODEL: LARGE


INPUT MODULES INCLUDED:
  .\Objects\STARTUP.obj (?C_STARTUP)
  .\Objects\edid.obj (EDID)
  .\Objects\globalV.obj (GLOBALV)
  .\Objects\main.obj (MAIN)
  .\Objects\register.obj (REGISTER)
  .\Objects\Lt7911.obj (LT7911)
  .\Objects\mipi.obj (MIPI)
  .\Objects\lt1605_dcs.obj (LT1605_DCS)
  ..\User\V26_2024091301.LIB (DP)
  ..\User\V26_2024091301.LIB (INT)
  ..\User\V26_2024091301.LIB (TYPEC)
  D:\DEVTOOLS\KEIL_5\KEIL_V5\C51\LIB\C51L.LIB (?C_INIT)
  D:\DEVTOOLS\KEIL_5\KEIL_V5\C51\LIB\C51L.LIB (?C?COPY)
  D:\DEVTOOLS\KEIL_5\KEIL_V5\C51\LIB\C51L.LIB (?C?CLDPTR)
  D:\DEVTOOLS\KEIL_5\KEIL_V5\C51\LIB\C51L.LIB (?C?CLDOPTR)
  D:\DEVTOOLS\KEIL_5\KEIL_V5\C51\LIB\C51L.LIB (?C?CSTPTR)
  D:\DEVTOOLS\KEIL_5\KEIL_V5\C51\LIB\C51L.LIB (?C?CSTOPTR)
  D:\DEVTOOLS\KEIL_5\KEIL_V5\C51\LIB\C51L.LIB (?C?IMUL)
  D:\DEVTOOLS\KEIL_5\KEIL_V5\C51\LIB\C51L.LIB (?C?UIDIV)
  D:\DEVTOOLS\KEIL_5\KEIL_V5\C51\LIB\C51L.LIB (?C?IILDX)
  D:\DEVTOOLS\KEIL_5\KEIL_V5\C51\LIB\C51L.LIB (?C?LMUL)
  D:\DEVTOOLS\KEIL_5\KEIL_V5\C51\LIB\C51L.LIB (?C?ULDIV)
  D:\DEVTOOLS\KEIL_5\KEIL_V5\C51\LIB\C51L.LIB (?C?ULCMP)
  D:\DEVTOOLS\KEIL_5\KEIL_V5\C51\LIB\C51L.LIB (?C?ULSHR)
  D:\DEVTOOLS\KEIL_5\KEIL_V5\C51\LIB\C51L.LIB (?C?LSHL)
  D:\DEVTOOLS\KEIL_5\KEIL_V5\C51\LIB\C51L.LIB (?C?LSTXDATA)
  D:\DEVTOOLS\KEIL_5\KEIL_V5\C51\LIB\C51L.LIB (?C?LSTKXDATA)
  D:\DEVTOOLS\KEIL_5\KEIL_V5\C51\LIB\C51L.LIB (PRINTF)
  D:\DEVTOOLS\KEIL_5\KEIL_V5\C51\LIB\C51L.LIB (?C?MEMSET)
  D:\DEVTOOLS\KEIL_5\KEIL_V5\C51\LIB\C51L.LIB (?C?PLDIXDATA)
  D:\DEVTOOLS\KEIL_5\KEIL_V5\C51\LIB\C51L.LIB (?C?PSTXDATA)
  D:\DEVTOOLS\KEIL_5\KEIL_V5\C51\LIB\C51L.LIB (?C?CCASE)
  D:\DEVTOOLS\KEIL_5\KEIL_V5\C51\LIB\C51L.LIB (PUTCHAR)


LINK MAP OF MODULE:  .\Objects\LT7911D_C2CSI_Burst_1920x1080_251125_02 (?C_STARTUP)


            TYPE    BASE      LENGTH    RELOCATION   SEGMENT NAME
            -----------------------------------------------------

            * * * * * * *   D A T A   M E M O R Y   * * * * * * *
            REG     0000H     0008H     ABSOLUTE     "REG BANK 0"
            DATA    0008H     0005H     UNIT         ?DT?PRINTF?PRINTF
            IDATA   000DH     0007H     UNIT         ?ID?INT
                    0014H     000CH                  *** GAP ***
            BIT     0020H.0   0001H.1   UNIT         ?BI?PRINTF?PRINTF
BL51 BANKED LINKER/LOCATER V6.22.2.0                                                  11/25/2025  14:33:30  PAGE 2


                    0021H.1   0000H.7                *** GAP ***
            IDATA   0022H     003CH     UNIT         ?ID?DP
            IDATA   005EH     0001H     UNIT         ?STACK

            * * * * * * *  X D A T A   M E M O R Y  * * * * * * *
            XDATA   0000H     0100H     UNIT         ?XD?EDID
            XDATA   0100H     0092H     UNIT         ?XD?EQ_SCAN?DP
            XDATA   0192H     0088H     UNIT         ?XD?DP
            XDATA   021AH     0056H     UNIT         ?XD?TYPEC
            XDATA   0270H     0028H     UNIT         ?XD?PRINTF?PRINTF
            XDATA   0298H     0023H     UNIT         ?XD?MAIN
            XDATA   02BBH     001DH     UNIT         _XDATA_GROUP_
            XDATA   02D8H     0019H     UNIT         ?XD?GLOBALV
            XDATA   02F1H     0003H     UNIT         ?XD?INT
            XDATA   02F4H     0002H     UNIT         ?XD?FSVALUECHANGEDETECT?LT7911
                    02F6H     7D62H                  *** GAP ***
            XDATA   8058H     0001H     ABSOLUTE     
            XDATA   8059H     0001H     ABSOLUTE     
            XDATA   805AH     0001H     ABSOLUTE     
            XDATA   805BH     0001H     ABSOLUTE     
            XDATA   805CH     0001H     ABSOLUTE     
            XDATA   805DH     0001H     ABSOLUTE     
            XDATA   805EH     0001H     ABSOLUTE     
            XDATA   805FH     0001H     ABSOLUTE     
                    8060H     0FA2H                  *** GAP ***
            XDATA   9002H     0001H     ABSOLUTE     
            XDATA   9003H     0001H     ABSOLUTE     
                    9004H     0001H                  *** GAP ***
            XDATA   9005H     0001H     ABSOLUTE     
                    9006H     0001H                  *** GAP ***
            XDATA   9007H     0001H     ABSOLUTE     
                    9008H     0002H                  *** GAP ***
            XDATA   900AH     0001H     ABSOLUTE     
                    900BH     0002H                  *** GAP ***
            XDATA   900DH     0001H     ABSOLUTE     
                    900EH     0001H                  *** GAP ***
            XDATA   900FH     0001H     ABSOLUTE     
            XDATA   9010H     0001H     ABSOLUTE     
                    9011H     0040H                  *** GAP ***
            XDATA   9051H     0001H     ABSOLUTE     
                    9052H     0003H                  *** GAP ***
            XDATA   9055H     0001H     ABSOLUTE     
                    9056H     0001H                  *** GAP ***
            XDATA   9057H     0001H     ABSOLUTE     
            XDATA   9058H     0001H     ABSOLUTE     
                    9059H     0001H                  *** GAP ***
            XDATA   905AH     0001H     ABSOLUTE     
            XDATA   905BH     0001H     ABSOLUTE     
            XDATA   905CH     0001H     ABSOLUTE     
            XDATA   905DH     0001H     ABSOLUTE     
            XDATA   905EH     0001H     ABSOLUTE     
            XDATA   905FH     0001H     ABSOLUTE     
            XDATA   9060H     0001H     ABSOLUTE     
            XDATA   9061H     0001H     ABSOLUTE     
            XDATA   9062H     0001H     ABSOLUTE     
                    9063H     0002H                  *** GAP ***
            XDATA   9065H     0001H     ABSOLUTE     
BL51 BANKED LINKER/LOCATER V6.22.2.0                                                  11/25/2025  14:33:30  PAGE 3


                    9066H     0FAFH                  *** GAP ***
            XDATA   A015H     0001H     ABSOLUTE     
            XDATA   A016H     0001H     ABSOLUTE     
                    A017H     0001H                  *** GAP ***
            XDATA   A018H     0001H     ABSOLUTE     
                    A019H     0004H                  *** GAP ***
            XDATA   A01DH     0001H     ABSOLUTE     
                    A01EH     0002H                  *** GAP ***
            XDATA   A020H     0001H     ABSOLUTE     
                    A021H     000FH                  *** GAP ***
            XDATA   A030H     0001H     ABSOLUTE     
                    A031H     0001H                  *** GAP ***
            XDATA   A032H     0001H     ABSOLUTE     
            XDATA   A033H     0001H     ABSOLUTE     
            XDATA   A034H     0001H     ABSOLUTE     
            XDATA   A035H     0001H     ABSOLUTE     
            XDATA   A036H     0001H     ABSOLUTE     
            XDATA   A037H     0001H     ABSOLUTE     
            XDATA   A038H     0001H     ABSOLUTE     
            XDATA   A039H     0001H     ABSOLUTE     
            XDATA   A03AH     0001H     ABSOLUTE     
            XDATA   A03BH     0001H     ABSOLUTE     
            XDATA   A03CH     0001H     ABSOLUTE     
            XDATA   A03DH     0001H     ABSOLUTE     
            XDATA   A03EH     0001H     ABSOLUTE     
            XDATA   A03FH     0001H     ABSOLUTE     
            XDATA   A040H     0001H     ABSOLUTE     
            XDATA   A041H     0001H     ABSOLUTE     
            XDATA   A042H     0001H     ABSOLUTE     
            XDATA   A043H     0001H     ABSOLUTE     
            XDATA   A044H     0001H     ABSOLUTE     
            XDATA   A045H     0001H     ABSOLUTE     
            XDATA   A046H     0001H     ABSOLUTE     
            XDATA   A047H     0001H     ABSOLUTE     
            XDATA   A048H     0001H     ABSOLUTE     
            XDATA   A049H     0001H     ABSOLUTE     
                    A04AH     0006H                  *** GAP ***
            XDATA   A050H     0001H     ABSOLUTE     
                    A051H     0004H                  *** GAP ***
            XDATA   A055H     0001H     ABSOLUTE     
                    A056H     0001H                  *** GAP ***
            XDATA   A057H     0001H     ABSOLUTE     
            XDATA   A058H     0001H     ABSOLUTE     
            XDATA   A059H     0001H     ABSOLUTE     
                    A05AH     0004H                  *** GAP ***
            XDATA   A05EH     0001H     ABSOLUTE     
            XDATA   A05FH     0001H     ABSOLUTE     
            XDATA   A060H     0001H     ABSOLUTE     
            XDATA   A061H     0001H     ABSOLUTE     
            XDATA   A062H     0001H     ABSOLUTE     
            XDATA   A063H     0001H     ABSOLUTE     
            XDATA   A064H     0001H     ABSOLUTE     
            XDATA   A065H     0001H     ABSOLUTE     
            XDATA   A066H     0001H     ABSOLUTE     
            XDATA   A067H     0001H     ABSOLUTE     
            XDATA   A068H     0001H     ABSOLUTE     
            XDATA   A069H     0001H     ABSOLUTE     
BL51 BANKED LINKER/LOCATER V6.22.2.0                                                  11/25/2025  14:33:30  PAGE 4


                    A06AH     0026H                  *** GAP ***
            XDATA   A090H     0001H     ABSOLUTE     
            XDATA   A091H     0001H     ABSOLUTE     
                    A092H     000EH                  *** GAP ***
            XDATA   A0A0H     0001H     ABSOLUTE     
            XDATA   A0A1H     0001H     ABSOLUTE     
                    A0A2H     0F5EH                  *** GAP ***
            XDATA   B000H     0001H     ABSOLUTE     
                    B001H     0004H                  *** GAP ***
            XDATA   B005H     0001H     ABSOLUTE     
                    B006H     0002H                  *** GAP ***
            XDATA   B008H     0001H     ABSOLUTE     
                    B009H     0002H                  *** GAP ***
            XDATA   B00BH     0001H     ABSOLUTE     
                    B00CH     0004H                  *** GAP ***
            XDATA   B010H     0001H     ABSOLUTE     
                    B011H     0001H                  *** GAP ***
            XDATA   B012H     0001H     ABSOLUTE     
                    B013H     0001H                  *** GAP ***
            XDATA   B014H     0001H     ABSOLUTE     
                    B015H     0003H                  *** GAP ***
            XDATA   B018H     0001H     ABSOLUTE     
            XDATA   B019H     0001H     ABSOLUTE     
            XDATA   B01AH     0001H     ABSOLUTE     
                    B01BH     0001H                  *** GAP ***
            XDATA   B01CH     0001H     ABSOLUTE     
            XDATA   B01DH     0001H     ABSOLUTE     
            XDATA   B01EH     0001H     ABSOLUTE     
            XDATA   B01FH     0001H     ABSOLUTE     
            XDATA   B020H     0001H     ABSOLUTE     
            XDATA   B021H     0001H     ABSOLUTE     
            XDATA   B022H     0001H     ABSOLUTE     
                    B023H     0005H                  *** GAP ***
            XDATA   B028H     0001H     ABSOLUTE     
                    B029H     0003H                  *** GAP ***
            XDATA   B02CH     0001H     ABSOLUTE     
                    B02DH     0001H                  *** GAP ***
            XDATA   B02EH     0001H     ABSOLUTE     
                    B02FH     0001H                  *** GAP ***
            XDATA   B030H     0001H     ABSOLUTE     
                    B031H     0001H                  *** GAP ***
            XDATA   B032H     0001H     ABSOLUTE     
            XDATA   B033H     0001H     ABSOLUTE     
            XDATA   B034H     0001H     ABSOLUTE     
                    B035H     0004H                  *** GAP ***
            XDATA   B039H     0001H     ABSOLUTE     
            XDATA   B03AH     0001H     ABSOLUTE     
            XDATA   B03BH     0001H     ABSOLUTE     
                    B03CH     0002H                  *** GAP ***
            XDATA   B03EH     0001H     ABSOLUTE     
            XDATA   B03FH     0001H     ABSOLUTE     
            XDATA   B040H     0001H     ABSOLUTE     
            XDATA   B041H     0001H     ABSOLUTE     
            XDATA   B042H     0001H     ABSOLUTE     
            XDATA   B043H     0001H     ABSOLUTE     
            XDATA   B044H     0001H     ABSOLUTE     
                    B045H     0003H                  *** GAP ***
BL51 BANKED LINKER/LOCATER V6.22.2.0                                                  11/25/2025  14:33:30  PAGE 5


            XDATA   B048H     0001H     ABSOLUTE     
            XDATA   B049H     0001H     ABSOLUTE     
            XDATA   B04AH     0001H     ABSOLUTE     
                    B04BH     0001H                  *** GAP ***
            XDATA   B04CH     0001H     ABSOLUTE     
            XDATA   B04DH     0001H     ABSOLUTE     
            XDATA   B04EH     0001H     ABSOLUTE     
            XDATA   B04FH     0001H     ABSOLUTE     
            XDATA   B050H     0001H     ABSOLUTE     
            XDATA   B051H     0001H     ABSOLUTE     
            XDATA   B052H     0001H     ABSOLUTE     
            XDATA   B053H     0001H     ABSOLUTE     
            XDATA   B054H     0001H     ABSOLUTE     
            XDATA   B055H     0001H     ABSOLUTE     
                    B056H     0001H                  *** GAP ***
            XDATA   B057H     0001H     ABSOLUTE     
                    B058H     0001H                  *** GAP ***
            XDATA   B059H     0001H     ABSOLUTE     
            XDATA   B05AH     0001H     ABSOLUTE     
            XDATA   B05BH     0001H     ABSOLUTE     
            XDATA   B05CH     0001H     ABSOLUTE     
            XDATA   B05DH     0001H     ABSOLUTE     
            XDATA   B05EH     0001H     ABSOLUTE     
            XDATA   B05FH     0001H     ABSOLUTE     
            XDATA   B060H     0001H     ABSOLUTE     
            XDATA   B061H     0001H     ABSOLUTE     
            XDATA   B062H     0001H     ABSOLUTE     
            XDATA   B063H     0001H     ABSOLUTE     
            XDATA   B064H     0001H     ABSOLUTE     
            XDATA   B065H     0001H     ABSOLUTE     
            XDATA   B066H     0001H     ABSOLUTE     
                    B067H     0003H                  *** GAP ***
            XDATA   B06AH     0001H     ABSOLUTE     
            XDATA   B06BH     0001H     ABSOLUTE     
            XDATA   B06CH     0001H     ABSOLUTE     
            XDATA   B06DH     0001H     ABSOLUTE     
            XDATA   B06EH     0001H     ABSOLUTE     
            XDATA   B06FH     0001H     ABSOLUTE     
            XDATA   B070H     0001H     ABSOLUTE     
            XDATA   B071H     0001H     ABSOLUTE     
            XDATA   B072H     0001H     ABSOLUTE     
            XDATA   B073H     0001H     ABSOLUTE     
            XDATA   B074H     0001H     ABSOLUTE     
            XDATA   B075H     0001H     ABSOLUTE     
            XDATA   B076H     0001H     ABSOLUTE     
            XDATA   B077H     0001H     ABSOLUTE     
                    B078H     0003H                  *** GAP ***
            XDATA   B07BH     0001H     ABSOLUTE     
            XDATA   B07CH     0001H     ABSOLUTE     
            XDATA   B07DH     0001H     ABSOLUTE     
            XDATA   B07EH     0001H     ABSOLUTE     
            XDATA   B07FH     0001H     ABSOLUTE     
            XDATA   B080H     0001H     ABSOLUTE     
            XDATA   B081H     0001H     ABSOLUTE     
            XDATA   B082H     0001H     ABSOLUTE     
            XDATA   B083H     0001H     ABSOLUTE     
            XDATA   B084H     0001H     ABSOLUTE     
BL51 BANKED LINKER/LOCATER V6.22.2.0                                                  11/25/2025  14:33:30  PAGE 6


            XDATA   B085H     0001H     ABSOLUTE     
            XDATA   B086H     0001H     ABSOLUTE     
            XDATA   B087H     0001H     ABSOLUTE     
                    B088H     0001H                  *** GAP ***
            XDATA   B089H     0001H     ABSOLUTE     
            XDATA   B08AH     0001H     ABSOLUTE     
            XDATA   B08BH     0001H     ABSOLUTE     
            XDATA   B08CH     0001H     ABSOLUTE     
            XDATA   B08DH     0001H     ABSOLUTE     
            XDATA   B08EH     0001H     ABSOLUTE     
            XDATA   B08FH     0001H     ABSOLUTE     
                    B090H     0002H                  *** GAP ***
            XDATA   B092H     0001H     ABSOLUTE     
                    B093H     0777H                  *** GAP ***
            XDATA   B80AH     0001H     ABSOLUTE     
            XDATA   B80BH     0001H     ABSOLUTE     
                    B80CH     0008H                  *** GAP ***
            XDATA   B814H     0001H     ABSOLUTE     
                    B815H     0001H                  *** GAP ***
            XDATA   B816H     0001H     ABSOLUTE     
                    B817H     000AH                  *** GAP ***
            XDATA   B821H     0001H     ABSOLUTE     
                    B822H     0018H                  *** GAP ***
            XDATA   B83AH     0001H     ABSOLUTE     
            XDATA   B83BH     0001H     ABSOLUTE     
                    B83CH     0074H                  *** GAP ***
            XDATA   B8B0H     0001H     ABSOLUTE     
            XDATA   B8B1H     0001H     ABSOLUTE     
            XDATA   B8B2H     0001H     ABSOLUTE     
            XDATA   B8B3H     0001H     ABSOLUTE     
                    B8B4H     0752H                  *** GAP ***
            XDATA   C006H     0001H     ABSOLUTE     
                    C007H     009CH                  *** GAP ***
            XDATA   C0A3H     0001H     ABSOLUTE     
                    C0A4H     001CH                  *** GAP ***
            XDATA   C0C0H     0001H     ABSOLUTE     
                    C0C1H     0049H                  *** GAP ***
            XDATA   C10AH     0001H     ABSOLUTE     
            XDATA   C10BH     0001H     ABSOLUTE     
            XDATA   C10CH     0001H     ABSOLUTE     
            XDATA   C10DH     0001H     ABSOLUTE     
                    C10EH     0007H                  *** GAP ***
            XDATA   C115H     0001H     ABSOLUTE     
            XDATA   C116H     0001H     ABSOLUTE     
            XDATA   C117H     0001H     ABSOLUTE     
            XDATA   C118H     0001H     ABSOLUTE     
            XDATA   C119H     0001H     ABSOLUTE     
            XDATA   C11AH     0001H     ABSOLUTE     
            XDATA   C11BH     0001H     ABSOLUTE     
                    C11CH     0002H                  *** GAP ***
            XDATA   C11EH     0001H     ABSOLUTE     
            XDATA   C11FH     0001H     ABSOLUTE     
                    C120H     0002H                  *** GAP ***
            XDATA   C122H     0001H     ABSOLUTE     
            XDATA   C123H     0001H     ABSOLUTE     
                    C124H     0008H                  *** GAP ***
            XDATA   C12CH     0001H     ABSOLUTE     
BL51 BANKED LINKER/LOCATER V6.22.2.0                                                  11/25/2025  14:33:30  PAGE 7


            XDATA   C12DH     0001H     ABSOLUTE     
            XDATA   C12EH     0001H     ABSOLUTE     
            XDATA   C12FH     0001H     ABSOLUTE     
                    C130H     0001H                  *** GAP ***
            XDATA   C131H     0001H     ABSOLUTE     
            XDATA   C132H     0001H     ABSOLUTE     
            XDATA   C133H     0001H     ABSOLUTE     
            XDATA   C134H     0001H     ABSOLUTE     
            XDATA   C135H     0001H     ABSOLUTE     
            XDATA   C136H     0001H     ABSOLUTE     
                    C137H     0053H                  *** GAP ***
            XDATA   C18AH     0001H     ABSOLUTE     
            XDATA   C18BH     0001H     ABSOLUTE     
            XDATA   C18CH     0001H     ABSOLUTE     
            XDATA   C18DH     0001H     ABSOLUTE     
                    C18EH     0002H                  *** GAP ***
            XDATA   C190H     0001H     ABSOLUTE     
            XDATA   C191H     0001H     ABSOLUTE     
                    C192H     0001H                  *** GAP ***
            XDATA   C193H     0001H     ABSOLUTE     
                    C194H     0001H                  *** GAP ***
            XDATA   C195H     0001H     ABSOLUTE     
            XDATA   C196H     0001H     ABSOLUTE     
            XDATA   C197H     0001H     ABSOLUTE     
            XDATA   C198H     0001H     ABSOLUTE     
            XDATA   C199H     0001H     ABSOLUTE     
            XDATA   C19AH     0001H     ABSOLUTE     
                    C19BH     0001H                  *** GAP ***
            XDATA   C19CH     0001H     ABSOLUTE     
                    C19DH     0001H                  *** GAP ***
            XDATA   C19EH     0001H     ABSOLUTE     
            XDATA   C19FH     0001H     ABSOLUTE     
                    C1A0H     0002H                  *** GAP ***
            XDATA   C1A2H     0001H     ABSOLUTE     
            XDATA   C1A3H     0001H     ABSOLUTE     
                    C1A4H     0004H                  *** GAP ***
            XDATA   C1A8H     0001H     ABSOLUTE     
            XDATA   C1A9H     0001H     ABSOLUTE     
                    C1AAH     0002H                  *** GAP ***
            XDATA   C1ACH     0001H     ABSOLUTE     
            XDATA   C1ADH     0001H     ABSOLUTE     
            XDATA   C1AEH     0001H     ABSOLUTE     
            XDATA   C1AFH     0001H     ABSOLUTE     
                    C1B0H     0001H                  *** GAP ***
            XDATA   C1B1H     0001H     ABSOLUTE     
            XDATA   C1B2H     0001H     ABSOLUTE     
            XDATA   C1B3H     0001H     ABSOLUTE     
            XDATA   C1B4H     0001H     ABSOLUTE     
            XDATA   C1B5H     0001H     ABSOLUTE     
            XDATA   C1B6H     0001H     ABSOLUTE     
                    C1B7H     0049H                  *** GAP ***
            XDATA   C200H     0001H     ABSOLUTE     
            XDATA   C201H     0001H     ABSOLUTE     
            XDATA   C202H     0001H     ABSOLUTE     
            XDATA   C203H     0001H     ABSOLUTE     
            XDATA   C204H     0001H     ABSOLUTE     
            XDATA   C205H     0001H     ABSOLUTE     
BL51 BANKED LINKER/LOCATER V6.22.2.0                                                  11/25/2025  14:33:30  PAGE 8


            XDATA   C206H     0001H     ABSOLUTE     
            XDATA   C207H     0001H     ABSOLUTE     
            XDATA   C208H     0001H     ABSOLUTE     
            XDATA   C209H     0001H     ABSOLUTE     
            XDATA   C20AH     0001H     ABSOLUTE     
            XDATA   C20BH     0001H     ABSOLUTE     
            XDATA   C20CH     0001H     ABSOLUTE     
            XDATA   C20DH     0001H     ABSOLUTE     
            XDATA   C20EH     0001H     ABSOLUTE     
            XDATA   C20FH     0001H     ABSOLUTE     
            XDATA   C210H     0001H     ABSOLUTE     
            XDATA   C211H     0001H     ABSOLUTE     
            XDATA   C212H     0001H     ABSOLUTE     
                    C213H     0004H                  *** GAP ***
            XDATA   C217H     0001H     ABSOLUTE     
            XDATA   C218H     0001H     ABSOLUTE     
            XDATA   C219H     0001H     ABSOLUTE     
                    C21AH     0001H                  *** GAP ***
            XDATA   C21BH     0001H     ABSOLUTE     
            XDATA   C21CH     0001H     ABSOLUTE     
            XDATA   C21DH     0001H     ABSOLUTE     
                    C21EH     0002H                  *** GAP ***
            XDATA   C220H     0001H     ABSOLUTE     
            XDATA   C221H     0001H     ABSOLUTE     
            XDATA   C222H     0001H     ABSOLUTE     
            XDATA   C223H     0001H     ABSOLUTE     
            XDATA   C224H     0001H     ABSOLUTE     
            XDATA   C225H     0001H     ABSOLUTE     
            XDATA   C226H     0001H     ABSOLUTE     
            XDATA   C227H     0001H     ABSOLUTE     
            XDATA   C228H     0001H     ABSOLUTE     
                    C229H     0001H                  *** GAP ***
            XDATA   C22AH     0001H     ABSOLUTE     
                    C22BH     0001H                  *** GAP ***
            XDATA   C22CH     0001H     ABSOLUTE     
            XDATA   C22DH     0001H     ABSOLUTE     
            XDATA   C22EH     0001H     ABSOLUTE     
            XDATA   C22FH     0001H     ABSOLUTE     
            XDATA   C230H     0001H     ABSOLUTE     
            XDATA   C231H     0001H     ABSOLUTE     
            XDATA   C232H     0001H     ABSOLUTE     
            XDATA   C233H     0001H     ABSOLUTE     
            XDATA   C234H     0001H     ABSOLUTE     
            XDATA   C235H     0001H     ABSOLUTE     
            XDATA   C236H     0001H     ABSOLUTE     
            XDATA   C237H     0001H     ABSOLUTE     
            XDATA   C238H     0001H     ABSOLUTE     
            XDATA   C239H     0001H     ABSOLUTE     
                    C23AH     000AH                  *** GAP ***
            XDATA   C244H     0001H     ABSOLUTE     
                    C245H     0007H                  *** GAP ***
            XDATA   C24CH     0001H     ABSOLUTE     
                    C24DH     0004H                  *** GAP ***
            XDATA   C251H     0001H     ABSOLUTE     
            XDATA   C252H     0001H     ABSOLUTE     
            XDATA   C253H     0001H     ABSOLUTE     
            XDATA   C254H     0001H     ABSOLUTE     
BL51 BANKED LINKER/LOCATER V6.22.2.0                                                  11/25/2025  14:33:30  PAGE 9


                    C255H     0001H                  *** GAP ***
            XDATA   C256H     0001H     ABSOLUTE     
            XDATA   C257H     0001H     ABSOLUTE     
            XDATA   C258H     0001H     ABSOLUTE     
            XDATA   C259H     0001H     ABSOLUTE     
            XDATA   C25AH     0001H     ABSOLUTE     
            XDATA   C25BH     0001H     ABSOLUTE     
            XDATA   C25CH     0001H     ABSOLUTE     
            XDATA   C25DH     0001H     ABSOLUTE     
                    C25EH     0002H                  *** GAP ***
            XDATA   C260H     0001H     ABSOLUTE     
                    C261H     0D9FH                  *** GAP ***
            XDATA   D000H     0001H     ABSOLUTE     
                    D001H     0001H                  *** GAP ***
            XDATA   D002H     0001H     ABSOLUTE     
            XDATA   D003H     0001H     ABSOLUTE     
                    D004H     0001H                  *** GAP ***
            XDATA   D005H     0001H     ABSOLUTE     
                    D006H     0002H                  *** GAP ***
            XDATA   D008H     0001H     ABSOLUTE     
            XDATA   D009H     0001H     ABSOLUTE     
            XDATA   D00AH     0001H     ABSOLUTE     
            XDATA   D00BH     0001H     ABSOLUTE     
                    D00CH     0003H                  *** GAP ***
            XDATA   D00FH     0001H     ABSOLUTE     
                    D010H     0001H                  *** GAP ***
            XDATA   D011H     0001H     ABSOLUTE     
            XDATA   D012H     0001H     ABSOLUTE     
            XDATA   D013H     0001H     ABSOLUTE     
                    D014H     00FCH                  *** GAP ***
            XDATA   D110H     0001H     ABSOLUTE     
                    D111H     0002H                  *** GAP ***
            XDATA   D113H     0001H     ABSOLUTE     
            XDATA   D114H     0001H     ABSOLUTE     
            XDATA   D115H     0001H     ABSOLUTE     
                    D116H     0002H                  *** GAP ***
            XDATA   D118H     0001H     ABSOLUTE     
            XDATA   D119H     0001H     ABSOLUTE     
                    D11AH     000FH                  *** GAP ***
            XDATA   D129H     0001H     ABSOLUTE     
            XDATA   D12AH     0001H     ABSOLUTE     
                    D12BH     0018H                  *** GAP ***
            XDATA   D143H     0001H     ABSOLUTE     
                    D144H     0001H                  *** GAP ***
            XDATA   D145H     0001H     ABSOLUTE     
            XDATA   D146H     0001H     ABSOLUTE     
            XDATA   D147H     0001H     ABSOLUTE     
            XDATA   D148H     0001H     ABSOLUTE     
            XDATA   D149H     0001H     ABSOLUTE     
                    D14AH     0082H                  *** GAP ***
            XDATA   D1CCH     0001H     ABSOLUTE     
            XDATA   D1CDH     0001H     ABSOLUTE     
            XDATA   D1CEH     0001H     ABSOLUTE     
            XDATA   D1CFH     0001H     ABSOLUTE     
            XDATA   D1D0H     0001H     ABSOLUTE     
            XDATA   D1D1H     0001H     ABSOLUTE     
            XDATA   D1D2H     0001H     ABSOLUTE     
BL51 BANKED LINKER/LOCATER V6.22.2.0                                                  11/25/2025  14:33:30  PAGE 10


            XDATA   D1D3H     0001H     ABSOLUTE     
            XDATA   D1D4H     0001H     ABSOLUTE     
            XDATA   D1D5H     0001H     ABSOLUTE     
            XDATA   D1D6H     0001H     ABSOLUTE     
            XDATA   D1D7H     0001H     ABSOLUTE     
                    D1D8H     0013H                  *** GAP ***
            XDATA   D1EBH     0001H     ABSOLUTE     
                    D1ECH     0014H                  *** GAP ***
            XDATA   D200H     0001H     ABSOLUTE     
            XDATA   D201H     0001H     ABSOLUTE     
            XDATA   D202H     0001H     ABSOLUTE     
                    D203H     0002H                  *** GAP ***
            XDATA   D205H     0001H     ABSOLUTE     
            XDATA   D206H     0001H     ABSOLUTE     
            XDATA   D207H     0001H     ABSOLUTE     
            XDATA   D208H     0001H     ABSOLUTE     
                    D209H     0001H                  *** GAP ***
            XDATA   D20AH     0001H     ABSOLUTE     
                    D20BH     0001H                  *** GAP ***
            XDATA   D20CH     0001H     ABSOLUTE     
            XDATA   D20DH     0001H     ABSOLUTE     
            XDATA   D20EH     0001H     ABSOLUTE     
            XDATA   D20FH     0001H     ABSOLUTE     
            XDATA   D210H     0001H     ABSOLUTE     
            XDATA   D211H     0001H     ABSOLUTE     
            XDATA   D212H     0001H     ABSOLUTE     
                    D213H     0001H                  *** GAP ***
            XDATA   D214H     0001H     ABSOLUTE     
            XDATA   D215H     0001H     ABSOLUTE     
                    D216H     0001H                  *** GAP ***
            XDATA   D217H     0001H     ABSOLUTE     
                    D218H     0001H                  *** GAP ***
            XDATA   D219H     0001H     ABSOLUTE     
                    D21AH     0002H                  *** GAP ***
            XDATA   D21CH     0001H     ABSOLUTE     
                    D21DH     0002H                  *** GAP ***
            XDATA   D21FH     0001H     ABSOLUTE     
            XDATA   D220H     0001H     ABSOLUTE     
            XDATA   D221H     0001H     ABSOLUTE     
            XDATA   D222H     0001H     ABSOLUTE     
                    D223H     0001H                  *** GAP ***
            XDATA   D224H     0001H     ABSOLUTE     
            XDATA   D225H     0001H     ABSOLUTE     
            XDATA   D226H     0001H     ABSOLUTE     
                    D227H     0001H                  *** GAP ***
            XDATA   D228H     0001H     ABSOLUTE     
                    D229H     0006H                  *** GAP ***
            XDATA   D22FH     0001H     ABSOLUTE     
                    D230H     0007H                  *** GAP ***
            XDATA   D237H     0001H     ABSOLUTE     
                    D238H     0002H                  *** GAP ***
            XDATA   D23AH     0001H     ABSOLUTE     
            XDATA   D23BH     0001H     ABSOLUTE     
            XDATA   D23CH     0001H     ABSOLUTE     
            XDATA   D23DH     0001H     ABSOLUTE     
            XDATA   D23EH     0001H     ABSOLUTE     
                    D23FH     0008H                  *** GAP ***
BL51 BANKED LINKER/LOCATER V6.22.2.0                                                  11/25/2025  14:33:30  PAGE 11


            XDATA   D247H     0001H     ABSOLUTE     
            XDATA   D248H     0001H     ABSOLUTE     
            XDATA   D249H     0001H     ABSOLUTE     
            XDATA   D24AH     0001H     ABSOLUTE     
            XDATA   D24BH     0001H     ABSOLUTE     
                    D24CH     001BH                  *** GAP ***
            XDATA   D267H     0001H     ABSOLUTE     
                    D268H     0001H                  *** GAP ***
            XDATA   D269H     0001H     ABSOLUTE     
                    D26AH     0015H                  *** GAP ***
            XDATA   D27FH     0001H     ABSOLUTE     
            XDATA   D280H     0001H     ABSOLUTE     
            XDATA   D281H     0001H     ABSOLUTE     
                    D282H     0001H                  *** GAP ***
            XDATA   D283H     0001H     ABSOLUTE     
                    D284H     0002H                  *** GAP ***
            XDATA   D286H     0001H     ABSOLUTE     
            XDATA   D287H     0001H     ABSOLUTE     
            XDATA   D288H     0001H     ABSOLUTE     
            XDATA   D289H     0001H     ABSOLUTE     
            XDATA   D28AH     0001H     ABSOLUTE     
            XDATA   D28BH     0001H     ABSOLUTE     
            XDATA   D28CH     0001H     ABSOLUTE     
                    D28DH     0009H                  *** GAP ***
            XDATA   D296H     0001H     ABSOLUTE     
            XDATA   D297H     0001H     ABSOLUTE     
                    D298H     0008H                  *** GAP ***
            XDATA   D2A0H     0001H     ABSOLUTE     
                    D2A1H     055FH                  *** GAP ***
            XDATA   D800H     0001H     ABSOLUTE     
                    D801H     0002H                  *** GAP ***
            XDATA   D803H     0001H     ABSOLUTE     
                    D804H     0015H                  *** GAP ***
            XDATA   D819H     0001H     ABSOLUTE     
                    D81AH     0005H                  *** GAP ***
            XDATA   D81FH     0001H     ABSOLUTE     
                    D820H     0030H                  *** GAP ***
            XDATA   D850H     0001H     ABSOLUTE     
            XDATA   D851H     0001H     ABSOLUTE     
            XDATA   D852H     0001H     ABSOLUTE     
            XDATA   D853H     0001H     ABSOLUTE     
            XDATA   D854H     0001H     ABSOLUTE     
            XDATA   D855H     0001H     ABSOLUTE     
                    D856H     0004H                  *** GAP ***
            XDATA   D85AH     0001H     ABSOLUTE     
            XDATA   D85BH     0001H     ABSOLUTE     
            XDATA   D85CH     0001H     ABSOLUTE     
            XDATA   D85DH     0001H     ABSOLUTE     
            XDATA   D85EH     0001H     ABSOLUTE     
            XDATA   D85FH     0001H     ABSOLUTE     
                    D860H     0243H                  *** GAP ***
            XDATA   DAA3H     0001H     ABSOLUTE     
            XDATA   DAA4H     0001H     ABSOLUTE     
                    DAA5H     0015H                  *** GAP ***
            XDATA   DABAH     0001H     ABSOLUTE     
            XDATA   DABBH     0001H     ABSOLUTE     
            XDATA   DABCH     0001H     ABSOLUTE     
BL51 BANKED LINKER/LOCATER V6.22.2.0                                                  11/25/2025  14:33:30  PAGE 12


            XDATA   DABDH     0001H     ABSOLUTE     
                    DABEH     0006H                  *** GAP ***
            XDATA   DAC4H     0001H     ABSOLUTE     
            XDATA   DAC5H     0001H     ABSOLUTE     
                    DAC6H     0036H                  *** GAP ***
            XDATA   DAFCH     0001H     ABSOLUTE     
                    DAFDH     00A7H                  *** GAP ***
            XDATA   DBA4H     0001H     ABSOLUTE     
                    DBA5H     0021H                  *** GAP ***
            XDATA   DBC6H     0001H     ABSOLUTE     
            XDATA   DBC7H     0001H     ABSOLUTE     
            XDATA   DBC8H     0001H     ABSOLUTE     
            XDATA   DBC9H     0001H     ABSOLUTE     
            XDATA   DBCAH     0001H     ABSOLUTE     
            XDATA   DBCBH     0001H     ABSOLUTE     
            XDATA   DBCCH     0001H     ABSOLUTE     
            XDATA   DBCDH     0001H     ABSOLUTE     
            XDATA   DBCEH     0001H     ABSOLUTE     

            * * * * * * *   C O D E   M E M O R Y   * * * * * * *
            CODE    0000H     0003H     ABSOLUTE     
            CODE    0003H     0007H     UNIT         ?PR?SYSTEMCLK?LT7911
                    000AH     0001H                  *** GAP ***
            CODE    000BH     0003H     ABSOLUTE     
                    000EH     0005H                  *** GAP ***
            CODE    0013H     0003H     ABSOLUTE     
                    0016H     0005H                  *** GAP ***
            CODE    001BH     0003H     ABSOLUTE     
            CODE    001EH     041FH     UNIT         ?PR?EQ_SCAN?DP
            CODE    043DH     03F0H     UNIT         ?C?LIB_CODE
            CODE    082DH     0365H     UNIT         ?PR?PRINTF?PRINTF
            CODE    0B92H     0335H     UNIT         ?PR?MVIDCHECK?DP
            CODE    0EC7H     02D2H     UNIT         ?PR?VIDEOCHECK?MIPI
            CODE    1199H     02A0H     UNIT         ?PR?MIPIPROTOCALSET?MIPI
            CODE    1439H     028BH     UNIT         ?PR?MIPICLOCKSET?MIPI
            CODE    16C4H     0237H     UNIT         ?PR?MIPIRDDLYCAL?MIPI
            CODE    18FBH     0224H     UNIT         ?C_INITSEG
            CODE    1B1FH     01C4H     UNIT         ?PR?LT7911_INITIALSTEPS?LT7911
            CODE    1CE3H     01C2H     UNIT         ?CO?TYPEC
            CODE    1EA5H     01A1H     UNIT         ?PR?COLORSPACECONVERSION?MIPI
            CODE    2046H     0195H     UNIT         ?PR?_EDID_DTB_BLOCK_CALC?EDID
            CODE    21DBH     0170H     UNIT         ?PR?_WRITEDPCD?DP
            CODE    234BH     0153H     UNIT         ?PR?INTERRUPTAUXTASK?INT
            CODE    249EH     014AH     UNIT         ?PR?MIPIVIDEOSET?MIPI
            CODE    25E8H     0132H     UNIT         ?PR?MIPIDPHYSET?MIPI
            CODE    271AH     012EH     UNIT         ?PR?LANEERRORCHECK?DP
            CODE    2848H     011AH     UNIT         ?CO?LT1605_DCS
            CODE    2962H     0117H     UNIT         ?PR?FSVALUECHANGEDETECT?LT7911
            CODE    2A79H     0116H     UNIT         ?PR?INTERRUPTTYPEC?INT
            CODE    2B8FH     00FDH     UNIT         ?PR?_DCSPKTWRITE?LT1605_DCS
            CODE    2C8CH     00E9H     UNIT         ?PR?VIDEOCHANGEDETECT?LT7911
            CODE    2D75H     00E6H     UNIT         ?PR?DPCD_INIT?LT7911
            CODE    2E5BH     00D3H     UNIT         ?CO?DP
            CODE    2F2EH     00CBH     UNIT         ?PR?MIPIPORTSET?MIPI
            CODE    2FF9H     00C7H     UNIT         ?PR?_RD_DPCD202?DP
            CODE    30C0H     00B8H     UNIT         ?PR?ANALYSIS_VDM_MSG?TYPEC
            CODE    3178H     00B5H     UNIT         ?PR?_READDPCD?DP
BL51 BANKED LINKER/LOCATER V6.22.2.0                                                  11/25/2025  14:33:30  PAGE 13


            CODE    322DH     00A6H     UNIT         ?PR?IT1INTERRUPTSERVICE?INT
            CODE    32D3H     009DH     UNIT         ?PR?INITPANEL?LT1605_DCS
            CODE    3370H     008CH     UNIT         ?C_C51STARTUP
            CODE    33FCH     0087H     UNIT         ?PR?_EDID_CHECKSUM_CALC?EDID
            CODE    3483H     007BH     UNIT         ?PR?SEND_MESSAGE?TYPEC
            CODE    34FEH     0067H     UNIT         ?PR?SEND_REQUEST?TYPEC
            CODE    3565H     0064H     UNIT         ?PR?PATTERN_TRAINING?DP
            CODE    35C9H     0064H     UNIT         ?PR?TYPECTMPINIT?TYPEC
            CODE    362DH     0063H     UNIT         ?PR?UCCINIT?TYPEC
            CODE    3690H     005EH     UNIT         ?PR?UFP_READMESSAGE?TYPEC
            CODE    36EEH     005CH     UNIT         ?PR?_DPCD_PARAMETER?LT7911
            CODE    374AH     005CH     UNIT         ?PR?DP_AUDIO?DP
            CODE    37A6H     0058H     UNIT         ?PR?DP_RXPLL?DP
            CODE    37FEH     004EH     UNIT         ?PR?ATTENTION_SEND?LT7911
            CODE    384CH     004DH     UNIT         ?PR?DP_INITIAL?DP
            CODE    3899H     004DH     UNIT         ?PR?TIME1INTERRUPTSERVICE?INT
            CODE    38E6H     004AH     UNIT         ?PR?REQUEST_UCC_FIX?TYPEC
            CODE    3930H     0049H     UNIT         ?PR?SYNCPOLADJUST?MIPI
            CODE    3979H     0043H     UNIT         ?PR?TIME0INTERRUPTSERVICE?INT
            CODE    39BCH     003FH     UNIT         ?PR?MIPILANESWAP?MIPI
            CODE    39FBH     0038H     UNIT         ?PR?AUX?DP
            CODE    3A33H     0036H     UNIT         ?PR?LINKAUX_TYPECEVB?LT7911
            CODE    3A69H     0036H     UNIT         ?PR?DP_CDR_PI?DP
            CODE    3A9FH     0031H     UNIT         ?PR?LT7911D_FWVERSIONSET?MAIN
            CODE    3AD0H     0030H     UNIT         ?PR?_CHIP_WRITE_I2C?MIPI
            CODE    3B00H     002FH     UNIT         ?PR?TYPECINIT?TYPEC
            CODE    3B2FH     002BH     UNIT         ?PR?_DELAYMS?MIPI
            CODE    3B5AH     002AH     UNIT         ?PR?_DELAY1MS1?DP
            CODE    3B84H     002AH     UNIT         ?PR?MAINLINK?DP
            CODE    3BAEH     0029H     UNIT         ?PR?MIPIINITIAL?MIPI
            CODE    3BD7H     0027H     UNIT         ?PR?CC_INT?LT7911
            CODE    3BFEH     0027H     UNIT         ?PR?PUTCHAR?PUTCHAR
            CODE    3C25H     0026H     UNIT         ?PR?WRITELINKEDID?DP
            CODE    3C4BH     0025H     UNIT         ?PR?MAIN?MAIN
            CODE    3C70H     0025H     UNIT         ?PR?IRQ_SEND?LT7911
            CODE    3C95H     0025H     UNIT         ?PR?LASTWRITELINKEDID?DP
            CODE    3CBAH     0021H     UNIT         ?PR?REBULIDEDID?LT7911
            CODE    3CDBH     0021H     UNIT         ?PR?TRAINING_RESET?DP
            CODE    3CFCH     0021H     UNIT         ?PR?PCR_RESET?DP
            CODE    3D1DH     001FH     UNIT         ?PR?DP_PIXELPLL?DP
            CODE    3D3CH     001DH     UNIT         ?PR?_GETDPCDPARAMETER?DP
            CODE    3D59H     001CH     UNIT         ?PR?_CHIP_READ_I2C?MIPI
            CODE    3D75H     001CH     UNIT         ?PR?DP_VIDEO?DP
            CODE    3D91H     001BH     UNIT         ?PR?HPD_HIGH?LT7911
            CODE    3DACH     001BH     UNIT         ?PR?INTERRUPTVIDEOTASK?INT
            CODE    3DC7H     001AH     UNIT         ?PR?VIDEO_INT?LT7911
            CODE    3DE1H     0019H     UNIT         ?PR?INITTIME0INTER?LT7911
            CODE    3DFAH     0019H     UNIT         ?PR?LINKAUX_TYPECEVB_CC1?LT7911
            CODE    3E13H     0019H     UNIT         ?PR?LINKAUX_TYPECEVB_CC2?LT7911
            CODE    3E2CH     0019H     UNIT         ?PR?SET_GPIO5_HIGH?LT7911
            CODE    3E45H     0019H     UNIT         ?PR?SET_GPIO5_LOW?LT7911
            CODE    3E5EH     0019H     UNIT         ?PR?_RXAUXSENDDATA?DP
            CODE    3E77H     0015H     UNIT         ?PR?AUX_INT?LT7911
            CODE    3E8CH     0015H     UNIT         ?PR?SET_I2S_D2_HIGH?LT7911
            CODE    3EA1H     0015H     UNIT         ?PR?SET_I2S_D2_LOW?LT7911
            CODE    3EB6H     0014H     UNIT         ?PR?DP_HDCP_CONFIG?DP
            CODE    3ECAH     0012H     UNIT         ?PR?ENABLE_VYSNC?LT7911
BL51 BANKED LINKER/LOCATER V6.22.2.0                                                  11/25/2025  14:33:30  PAGE 14


            CODE    3EDCH     000FH     UNIT         ?PR?DISABLE_VSYNC?LT7911
            CODE    3EEBH     000CH     UNIT         ?PR?SENDDEFERREPLY?DP
            CODE    3EF7H     000BH     UNIT         ?PR?_DPCD_PARAMETER1?DP
            CODE    3F02H     000BH     UNIT         ?PR?_DELAY_US?TYPEC
            CODE    3F0DH     0007H     UNIT         ?PR?DP_RXPHY?DP
            CODE    3F14H     0007H     UNIT         ?PR?DCCINIT?TYPEC
            CODE    3F1BH     0006H     UNIT         ?PR?GETRXAUXDATA?DP
            CODE    3F21H     0006H     UNIT         ?PR?GETDPCDDATA?DP
            CODE    3F27H     0006H     UNIT         ?PR?SENDACKREPLY?DP



OVERLAY MAP OF MODULE:   .\Objects\LT7911D_C2CSI_Burst_1920x1080_251125_02 (?C_STARTUP)


SEGMENT                                   XDATA_GROUP
  +--> CALLED SEGMENT                   START    LENGTH
-------------------------------------------------------
?C_C51STARTUP                           -----    -----
  +--> ?PR?MAIN?MAIN
  +--> ?C_INITSEG

?PR?MAIN?MAIN                           -----    -----
  +--> ?PR?LT7911_INITIALSTEPS?LT7911

?PR?LT7911_INITIALSTEPS?LT7911          02BBH    0003H
  +--> ?PR?_DELAY1MS1?DP
  +--> ?PR?SYSTEMCLK?LT7911
  +--> ?PR?LT7911D_FWVERSIONSET?MAIN
  +--> ?PR?SET_GPIO5_LOW?LT7911
  +--> ?PR?INITTIME0INTER?LT7911
  +--> ?PR?REBULIDEDID?LT7911
  +--> ?PR?DP_INITIAL?DP
  +--> ?PR?DPCD_INIT?LT7911
  +--> ?PR?CC_INT?LT7911
  +--> ?PR?TYPECINIT?TYPEC
  +--> ?PR?LINKAUX_TYPECEVB?LT7911
  +--> ?PR?HPD_HIGH?LT7911
  +--> ?PR?ATTENTION_SEND?LT7911
  +--> ?PR?_DELAYMS?MIPI
  +--> ?PR?LANEERRORCHECK?DP
  +--> ?PR?DP_AUDIO?DP
  +--> ?PR?AUX_INT?LT7911
  +--> ?PR?MIPIINITIAL?MIPI
  +--> ?PR?ENABLE_VYSNC?LT7911
  +--> ?PR?_CHIP_READ_I2C?MIPI
  +--> ?PR?VIDEOCHANGEDETECT?LT7911
  +--> ?PR?SET_GPIO5_HIGH?LT7911
  +--> ?PR?PCR_RESET?DP
  +--> ?PR?MVIDCHECK?DP
  +--> ?PR?TRAINING_RESET?DP

?PR?REBULIDEDID?LT7911                  -----    -----
  +--> ?PR?_EDID_DTB_BLOCK_CALC?EDID
  +--> ?PR?_EDID_CHECKSUM_CALC?EDID

?PR?_EDID_DTB_BLOCK_CALC?EDID           02BEH    0007H
BL51 BANKED LINKER/LOCATER V6.22.2.0                                                  11/25/2025  14:33:30  PAGE 15



?PR?_EDID_CHECKSUM_CALC?EDID            02BEH    0003H

?PR?DP_INITIAL?DP                       -----    -----
  +--> ?PR?DP_RXPHY?DP
  +--> ?PR?DP_RXPLL?DP
  +--> ?PR?DP_CDR_PI?DP
  +--> ?PR?DP_PIXELPLL?DP
  +--> ?PR?DP_VIDEO?DP
  +--> ?PR?AUX?DP
  +--> ?PR?MAINLINK?DP
  +--> ?CO?DP

?PR?DP_RXPLL?DP                         -----    -----
  +--> ?PR?_DELAY1MS1?DP

?PR?DPCD_INIT?LT7911                    -----    -----
  +--> ?PR?_DPCD_PARAMETER?LT7911

?PR?_DPCD_PARAMETER?LT7911              02BEH    0005H

?PR?CC_INT?LT7911                       -----    -----
  +--> ?PR?_DELAY1MS1?DP

?PR?TYPECINIT?TYPEC                     -----    -----
  +--> ?PR?DCCINIT?TYPEC
  +--> ?PR?UCCINIT?TYPEC
  +--> ?PR?TYPECTMPINIT?TYPEC

?PR?HPD_HIGH?LT7911                     -----    -----
  +--> ?PR?AUX_INT?LT7911
  +--> ?PR?VIDEO_INT?LT7911

?PR?ATTENTION_SEND?LT7911               -----    -----
  +--> ?PR?_DELAY1MS1?DP
  +--> ?PR?SEND_MESSAGE?TYPEC
  +--> ?PR?HPD_HIGH?LT7911

?PR?SEND_MESSAGE?TYPEC                  -----    -----
  +--> ?CO?TYPEC

?PR?_DELAYMS?MIPI                       -----    -----
  +--> ?PR?_CHIP_WRITE_I2C?MIPI

?PR?LANEERRORCHECK?DP                   02BEH    0009H
  +--> ?PR?_GETDPCDPARAMETER?DP
  +--> ?PR?_DELAY1MS1?DP
  +--> ?PR?_CHIP_READ_I2C?MIPI

?PR?DP_AUDIO?DP                         -----    -----
  +--> ?PR?_CHIP_WRITE_I2C?MIPI
  +--> ?PR?_DELAYMS?MIPI

?PR?MIPIINITIAL?MIPI                    -----    -----
  +--> ?PR?VIDEOCHECK?MIPI
  +--> ?PR?MIPILANESWAP?MIPI
  +--> ?PR?MIPIPORTSET?MIPI
BL51 BANKED LINKER/LOCATER V6.22.2.0                                                  11/25/2025  14:33:30  PAGE 16


  +--> ?PR?MIPICLOCKSET?MIPI
  +--> ?PR?MIPIDPHYSET?MIPI
  +--> ?PR?INITPANEL?LT1605_DCS
  +--> ?PR?MIPIRDDLYCAL?MIPI
  +--> ?PR?COLORSPACECONVERSION?MIPI
  +--> ?PR?SYNCPOLADJUST?MIPI
  +--> ?PR?MIPIPROTOCALSET?MIPI
  +--> ?PR?MIPIVIDEOSET?MIPI

?PR?VIDEOCHECK?MIPI                     02BEH    0014H
  +--> ?PR?_CHIP_WRITE_I2C?MIPI
  +--> ?PR?_DELAYMS?MIPI
  +--> ?PR?_CHIP_READ_I2C?MIPI

?PR?MIPILANESWAP?MIPI                   -----    -----
  +--> ?PR?_CHIP_WRITE_I2C?MIPI

?PR?MIPIPORTSET?MIPI                    -----    -----
  +--> ?PR?_CHIP_WRITE_I2C?MIPI

?PR?MIPICLOCKSET?MIPI                   02BEH    0004H
  +--> ?PR?_CHIP_WRITE_I2C?MIPI
  +--> ?PR?_CHIP_READ_I2C?MIPI
  +--> ?PR?_DELAYMS?MIPI

?PR?MIPIDPHYSET?MIPI                    02BEH    0003H
  +--> ?PR?_CHIP_WRITE_I2C?MIPI
  +--> ?PR?_CHIP_READ_I2C?MIPI

?PR?INITPANEL?LT1605_DCS                02BEH    0002H
  +--> ?CO?LT1605_DCS
  +--> ?PR?_DCSPKTWRITE?LT1605_DCS
  +--> ?PR?_DELAYMS?MIPI

?PR?_DCSPKTWRITE?LT1605_DCS             02C0H    0006H
  +--> ?PR?_CHIP_WRITE_I2C?MIPI
  +--> ?PR?_DELAYMS?MIPI

?PR?MIPIRDDLYCAL?MIPI                   02BEH    0018H
  +--> ?PR?_DELAYMS?MIPI
  +--> ?PR?_CHIP_READ_I2C?MIPI
  +--> ?PR?_CHIP_WRITE_I2C?MIPI

?PR?COLORSPACECONVERSION?MIPI           -----    -----
  +--> ?PR?_CHIP_WRITE_I2C?MIPI
  +--> ?PR?_CHIP_READ_I2C?MIPI
  +--> ?PR?_DELAYMS?MIPI

?PR?SYNCPOLADJUST?MIPI                  -----    -----
  +--> ?PR?_CHIP_READ_I2C?MIPI
  +--> ?PR?_CHIP_WRITE_I2C?MIPI

?PR?MIPIPROTOCALSET?MIPI                -----    -----
  +--> ?PR?_CHIP_WRITE_I2C?MIPI

?PR?MIPIVIDEOSET?MIPI                   -----    -----
  +--> ?PR?_CHIP_WRITE_I2C?MIPI
BL51 BANKED LINKER/LOCATER V6.22.2.0                                                  11/25/2025  14:33:30  PAGE 17


  +--> ?PR?_DELAYMS?MIPI
  +--> ?PR?_CHIP_READ_I2C?MIPI

?PR?VIDEOCHANGEDETECT?LT7911            02BEH    0008H
  +--> ?PR?_CHIP_READ_I2C?MIPI

?PR?PCR_RESET?DP                        -----    -----
  +--> ?PR?_DELAY1MS1?DP

?PR?MVIDCHECK?DP                        02BEH    0013H
  +--> ?PR?_GETDPCDPARAMETER?DP
  +--> ?PR?_DELAY1MS1?DP

*** NEW ROOT ***************************************************

?PR?TIME0INTERRUPTSERVICE?INT           -----    -----
  +--> ?PR?SENDDEFERREPLY?DP

*** NEW ROOT ***************************************************

?PR?IT1INTERRUPTSERVICE?INT             -----    -----
  +--> ?PR?INTERRUPTTYPEC?INT
  +--> ?PR?INTERRUPTAUXTASK?INT
  +--> ?PR?INTERRUPTVIDEOTASK?INT

?PR?INTERRUPTTYPEC?INT                  -----    -----
  +--> ?PR?LINKAUX_TYPECEVB_CC1?LT7911
  +--> ?PR?TYPECTMPINIT?TYPEC
  +--> ?PR?LINKAUX_TYPECEVB_CC2?LT7911
  +--> ?PR?UFP_READMESSAGE?TYPEC

?PR?UFP_READMESSAGE?TYPEC               -----    -----
  +--> ?PR?SEND_MESSAGE?TYPEC
  +--> ?PR?_DELAY_US?TYPEC
  +--> ?PR?REQUEST_UCC_FIX?TYPEC
  +--> ?PR?SEND_REQUEST?TYPEC
  +--> ?PR?ANALYSIS_VDM_MSG?TYPEC

?PR?ANALYSIS_VDM_MSG?TYPEC              -----    -----
  +--> ?PR?_DELAY1MS1?DP
  +--> ?PR?_DELAY_US?TYPEC
  +--> ?PR?SEND_MESSAGE?TYPEC

?PR?INTERRUPTAUXTASK?INT                02D6H    0001H
  +--> ?PR?GETRXAUXDATA?DP
  +--> ?PR?_WRITEDPCD?DP
  +--> ?PR?_READDPCD?DP
  +--> ?PR?SENDACKREPLY?DP
  +--> ?PR?_RXAUXSENDDATA?DP
  +--> ?PR?WRITELINKEDID?DP
  +--> ?PR?LASTWRITELINKEDID?DP

?PR?_WRITEDPCD?DP                       02D7H    0001H
  +--> ?PR?PATTERN_TRAINING?DP

?PR?PATTERN_TRAINING?DP                 -----    -----
  +--> ?PR?_DPCD_PARAMETER1?DP
BL51 BANKED LINKER/LOCATER V6.22.2.0                                                  11/25/2025  14:33:30  PAGE 18


  +--> ?PR?TRAINING_RESET?DP

?PR?_READDPCD?DP                        02D7H    0001H
  +--> ?PR?GETDPCDDATA?DP
  +--> ?PR?_RD_DPCD202?DP

?PR?_RD_DPCD202?DP                      -----    -----
  +--> ?PR?TRAINING_RESET?DP



SYMBOL TABLE OF MODULE:  .\Objects\LT7911D_C2CSI_Burst_1920x1080_251125_02 (?C_STARTUP)

  VALUE           TYPE          NAME
  ----------------------------------

  -------         MODULE        ?C_STARTUP
  C:3370H         SEGMENT       ?C_C51STARTUP
  I:005EH         SEGMENT       ?STACK
  C:0000H         PUBLIC        ?C_STARTUP
  D:00E0H         SYMBOL        ACC
  D:00F0H         SYMBOL        B
  D:0083H         SYMBOL        DPH
  D:0082H         SYMBOL        DPL
  N:0000H         SYMBOL        IBPSTACK
  N:0100H         SYMBOL        IBPSTACKTOP
  N:0080H         SYMBOL        IDATALEN
  C:3373H         SYMBOL        IDATALOOP
  N:0000H         SYMBOL        PBPSTACK
  N:0100H         SYMBOL        PBPSTACKTOP
  N:0000H         SYMBOL        PDATALEN
  N:0000H         SYMBOL        PDATASTART
  N:0000H         SYMBOL        PPAGE
  N:0000H         SYMBOL        PPAGEENABLE
  D:00A0H         SYMBOL        PPAGE_SFR
  D:0081H         SYMBOL        SP
  C:3370H         SYMBOL        STARTUP1
  N:0000H         SYMBOL        XBPSTACK
  N:0000H         SYMBOL        XBPSTACKTOP
  N:0000H         SYMBOL        XDATALEN
  N:0000H         SYMBOL        XDATASTART
  C:0000H         LINE#         126
  C:3370H         LINE#         133
  C:3372H         LINE#         134
  C:3373H         LINE#         135
  C:3374H         LINE#         136
  C:3376H         LINE#         185
  C:3379H         LINE#         196
  -------         ENDMOD        ?C_STARTUP

  -------         MODULE        EDID
  C:0000H         SYMBOL        _ICE_DUMMY_
  C:2046H         PUBLIC        _EDID_Dtb_Block_Calc
  C:33FCH         PUBLIC        _EDID_CheckSum_Calc
  X:0000H         PUBLIC        Edid
  -------         PROC          _EDID_DTB_BLOCK_CALC
  X:02BEH         SYMBOL        Pbuf
BL51 BANKED LINKER/LOCATER V6.22.2.0                                                  11/25/2025  14:33:30  PAGE 19


  -------         DO            
  X:02C1H         SYMBOL        Hblanking
  X:02C3H         SYMBOL        Vblanking
  -------         ENDDO         
  C:2046H         LINE#         22
  C:2051H         LINE#         23
  C:2051H         LINE#         26
  C:2077H         LINE#         27
  C:2096H         LINE#         29
  C:20BCH         LINE#         30
  C:20EEH         LINE#         31
  C:20FBH         LINE#         32
  C:2105H         LINE#         33
  C:211AH         LINE#         34
  C:2124H         LINE#         35
  C:212EH         LINE#         36
  C:2146H         LINE#         37
  C:2150H         LINE#         38
  C:215AH         LINE#         39
  C:216FH         LINE#         40
  C:21A6H         LINE#         42
  C:21B0H         LINE#         43
  C:21BAH         LINE#         44
  C:21C5H         LINE#         45
  -------         ENDPROC       _EDID_DTB_BLOCK_CALC
  -------         PROC          _EDID_CHECKSUM_CALC
  X:02BEH         SYMBOL        pbuf
  -------         DO            
  D:0006H         SYMBOL        loopx
  D:0007H         SYMBOL        wr_chcsum
  -------         ENDDO         
  C:33FCH         LINE#         48
  C:3407H         LINE#         49
  C:3407H         LINE#         52
  C:3409H         LINE#         53
  C:3414H         LINE#         54
  C:342CH         LINE#         55
  C:3430H         LINE#         56
  C:3442H         LINE#         58
  C:3444H         LINE#         59
  C:344FH         LINE#         60
  C:346DH         LINE#         61
  C:3471H         LINE#         62
  -------         ENDPROC       _EDID_CHECKSUM_CALC
  -------         ENDMOD        EDID

  -------         MODULE        GLOBALV
  C:0000H         SYMBOL        _ICE_DUMMY_
  X:02D8H         PUBLIC        g_InputType
  X:02D9H         PUBLIC        DP_HDCP_EN
  X:02DAH         PUBLIC        g_FlagVideoChange
  X:02DBH         PUBLIC        g_EdidBlockCalEnable
  X:02DCH         PUBLIC        g_RdDly
  X:02E0H         PUBLIC        g_DisplayMode
  X:02E1H         PUBLIC        time1_100ms
  X:02E2H         PUBLIC        g_SampleRate
  X:02E4H         PUBLIC        g_ChipModel
BL51 BANKED LINKER/LOCATER V6.22.2.0                                                  11/25/2025  14:33:30  PAGE 20


  X:02E5H         PUBLIC        g_MipiFormat
  X:02E6H         PUBLIC        g_MipiByteClock
  X:02EAH         PUBLIC        g_GpioMode
  X:02EBH         PUBLIC        g_OutputMode
  X:02ECH         PUBLIC        Flag_Aux_Sleep
  X:02EDH         PUBLIC        g_timer1_4scnt
  X:02EFH         PUBLIC        g_FlagHdcpEn
  X:02F0H         PUBLIC        g_MipiType
  -------         ENDMOD        GLOBALV

  -------         MODULE        MAIN
  C:0000H         SYMBOL        _ICE_DUMMY_
  C:3A9FH         PUBLIC        Lt7911D_FwVersionSet
  C:3C4BH         PUBLIC        main
  X:0298H         PUBLIC        FwVersion
  X:029EH         PUBLIC        g_DpcdSetStr
  X:02A1H         PUBLIC        g_MipiSetStr
  X:02A4H         PUBLIC        g_TimingStr
  -------         PROC          LT7911D_FWVERSIONSET
  C:3A9FH         LINE#         37
  C:3A9FH         LINE#         38
  C:3A9FH         LINE#         39
  C:3AA7H         LINE#         40
  C:3AAFH         LINE#         41
  C:3AB7H         LINE#         42
  C:3ABFH         LINE#         43
  C:3AC7H         LINE#         44
  C:3ACFH         LINE#         45
  -------         ENDPROC       LT7911D_FWVERSIONSET
  -------         PROC          MAIN
  C:3C4BH         LINE#         46
  C:3C4BH         LINE#         47
  C:3C4BH         LINE#         48
  C:3C51H         LINE#         50
  C:3C55H         LINE#         51
  C:3C5AH         LINE#         52
  C:3C5FH         LINE#         53
  C:3C63H         LINE#         54
  C:3C67H         LINE#         55
  C:3C6DH         LINE#         57
  -------         ENDPROC       MAIN
  -------         ENDMOD        MAIN

  -------         MODULE        REGISTER
  C:0000H         SYMBOL        _ICE_DUMMY_
  X:9062H         PUBLIC        BK90_62_REG
  X:B000H         PUBLIC        BKB0_00_REG
  X:A020H         PUBLIC        BKA0_20_REG
  X:B010H         PUBLIC        BKB0_10_REG
  X:9055H         PUBLIC        BK90_55_REG
  X:A030H         PUBLIC        BKA0_30_REG
  X:9065H         PUBLIC        BK90_65_REG
  X:D000H         PUBLIC        BKD0_00_REG
  X:B020H         PUBLIC        BKB0_20_REG
  X:C200H         PUBLIC        BKC2_00_REG
  X:A040H         PUBLIC        BKA0_40_REG
  X:B030H         PUBLIC        BKB0_30_REG
BL51 BANKED LINKER/LOCATER V6.22.2.0                                                  11/25/2025  14:33:30  PAGE 21


  X:B021H         PUBLIC        BKB0_21_REG
  X:B012H         PUBLIC        BKB0_12_REG
  X:9057H         PUBLIC        BK90_57_REG
  X:8058H         PUBLIC        BK80_58_REG
  X:C210H         PUBLIC        BKC2_10_REG
  X:C201H         PUBLIC        BKC2_01_REG
  X:A041H         PUBLIC        BKA0_41_REG
  X:A050H         PUBLIC        BKA0_50_REG
  X:A032H         PUBLIC        BKA0_32_REG
  X:D200H         PUBLIC        BKD2_00_REG
  X:D110H         PUBLIC        BKD1_10_REG
  X:D011H         PUBLIC        BKD0_11_REG
  X:D002H         PUBLIC        BKD0_02_REG
  X:B040H         PUBLIC        BKB0_40_REG
  X:B022H         PUBLIC        BKB0_22_REG
  X:9058H         PUBLIC        BK90_58_REG
  X:8059H         PUBLIC        BK80_59_REG
  X:C220H         PUBLIC        BKC2_20_REG
  X:C211H         PUBLIC        BKC2_11_REG
  X:C202H         PUBLIC        BKC2_02_REG
  X:A060H         PUBLIC        BKA0_60_REG
  X:A042H         PUBLIC        BKA0_42_REG
  X:A033H         PUBLIC        BKA0_33_REG
  X:A015H         PUBLIC        BKA0_15_REG
  X:D201H         PUBLIC        BKD2_01_REG
  X:D210H         PUBLIC        BKD2_10_REG
  X:D012H         PUBLIC        BKD0_12_REG
  X:D003H         PUBLIC        BKD0_03_REG
  X:B050H         PUBLIC        BKB0_50_REG
  X:B041H         PUBLIC        BKB0_41_REG
  X:B032H         PUBLIC        BKB0_32_REG
  X:B014H         PUBLIC        BKB0_14_REG
  X:B005H         PUBLIC        BKB0_05_REG
  X:D220H         PUBLIC        BKD2_20_REG
  X:C230H         PUBLIC        BKC2_30_REG
  X:C221H         PUBLIC        BKC2_21_REG
  X:C212H         PUBLIC        BKC2_12_REG
  X:C203H         PUBLIC        BKC2_03_REG
  X:C131H         PUBLIC        BKC1_31_REG
  X:C122H         PUBLIC        BKC1_22_REG
  X:A061H         PUBLIC        BKA0_61_REG
  X:A043H         PUBLIC        BKA0_43_REG
  X:A034H         PUBLIC        BKA0_34_REG
  X:A016H         PUBLIC        BKA0_16_REG
  X:D202H         PUBLIC        BKD2_02_REG
  X:D211H         PUBLIC        BKD2_11_REG
  X:D013H         PUBLIC        BKD0_13_REG
  X:B051H         PUBLIC        BKB0_51_REG
  X:B060H         PUBLIC        BKB0_60_REG
  X:B042H         PUBLIC        BKB0_42_REG
  X:B033H         PUBLIC        BKB0_33_REG
  X:C231H         PUBLIC        BKC2_31_REG
  X:C222H         PUBLIC        BKC2_22_REG
  X:C204H         PUBLIC        BKC2_04_REG
  X:C123H         PUBLIC        BKC1_23_REG
  X:C132H         PUBLIC        BKC1_32_REG
  X:C006H         PUBLIC        BKC0_06_REG
BL51 BANKED LINKER/LOCATER V6.22.2.0                                                  11/25/2025  14:33:30  PAGE 22


  X:A062H         PUBLIC        BKA0_62_REG
  X:A044H         PUBLIC        BKA0_44_REG
  X:A035H         PUBLIC        BKA0_35_REG
  X:D221H         PUBLIC        BKD2_21_REG
  X:D212H         PUBLIC        BKD2_12_REG
  X:D113H         PUBLIC        BKD1_13_REG
  X:D005H         PUBLIC        BKD0_05_REG
  X:B070H         PUBLIC        BKB0_70_REG
  X:B061H         PUBLIC        BKB0_61_REG
  X:B052H         PUBLIC        BKB0_52_REG
  X:B043H         PUBLIC        BKB0_43_REG
  X:B034H         PUBLIC        BKB0_34_REG
  X:C232H         PUBLIC        BKC2_32_REG
  X:C223H         PUBLIC        BKC2_23_REG
  X:C205H         PUBLIC        BKC2_05_REG
  X:C115H         PUBLIC        BKC1_15_REG
  X:C133H         PUBLIC        BKC1_33_REG
  X:A063H         PUBLIC        BKA0_63_REG
  X:A090H         PUBLIC        BKA0_90_REG
  X:A045H         PUBLIC        BKA0_45_REG
  X:A036H         PUBLIC        BKA0_36_REG
  X:A018H         PUBLIC        BKA0_18_REG
  X:D222H         PUBLIC        BKD2_22_REG
  X:D114H         PUBLIC        BKD1_14_REG
  X:B080H         PUBLIC        BKB0_80_REG
  X:B071H         PUBLIC        BKB0_71_REG
  X:B053H         PUBLIC        BKB0_53_REG
  X:B008H         PUBLIC        BKB0_08_REG
  X:B062H         PUBLIC        BKB0_62_REG
  X:B044H         PUBLIC        BKB0_44_REG
  X:900AH         PUBLIC        BK90_0A_REG
  X:D205H         PUBLIC        BKD2_05_REG
  X:C251H         PUBLIC        BKC2_51_REG
  X:C233H         PUBLIC        BKC2_33_REG
  X:C260H         PUBLIC        BKC2_60_REG
  X:C224H         PUBLIC        BKC2_24_REG
  X:C206H         PUBLIC        BKC2_06_REG
  X:C116H         PUBLIC        BKC1_16_REG
  X:C134H         PUBLIC        BKC1_34_REG
  X:A055H         PUBLIC        BKA0_55_REG
  X:A064H         PUBLIC        BKA0_64_REG
  X:A046H         PUBLIC        BKA0_46_REG
  X:A091H         PUBLIC        BKA0_91_REG
  X:A037H         PUBLIC        BKA0_37_REG
  X:D214H         PUBLIC        BKD2_14_REG
  X:D115H         PUBLIC        BKD1_15_REG
  X:B081H         PUBLIC        BKB0_81_REG
  X:B072H         PUBLIC        BKB0_72_REG
  X:B063H         PUBLIC        BKB0_63_REG
  X:B054H         PUBLIC        BKB0_54_REG
  X:B018H         PUBLIC        BKB0_18_REG
  X:C252H         PUBLIC        BKC2_52_REG
  X:C234H         PUBLIC        BKC2_34_REG
  X:C225H         PUBLIC        BKC2_25_REG
  X:C207H         PUBLIC        BKC2_07_REG
  X:C135H         PUBLIC        BKC1_35_REG
  X:C117H         PUBLIC        BKC1_17_REG
BL51 BANKED LINKER/LOCATER V6.22.2.0                                                  11/25/2025  14:33:30  PAGE 23


  X:D800H         PUBLIC        BKD8_00_REG
  X:A047H         PUBLIC        BKA0_47_REG
  X:A065H         PUBLIC        BKA0_65_REG
  X:A038H         PUBLIC        BKA0_38_REG
  X:D224H         PUBLIC        BKD2_24_REG
  X:D206H         PUBLIC        BKD2_06_REG
  X:D215H         PUBLIC        BKD2_15_REG
  X:D143H         PUBLIC        BKD1_43_REG
  X:D008H         PUBLIC        BKD0_08_REG
  X:B082H         PUBLIC        BKB0_82_REG
  X:B073H         PUBLIC        BKB0_73_REG
  X:B064H         PUBLIC        BKB0_64_REG
  X:B055H         PUBLIC        BKB0_55_REG
  X:B028H         PUBLIC        BKB0_28_REG
  X:B019H         PUBLIC        BKB0_19_REG
  X:C253H         PUBLIC        BKC2_53_REG
  X:C244H         PUBLIC        BKC2_44_REG
  X:C235H         PUBLIC        BKC2_35_REG
  X:C226H         PUBLIC        BKC2_26_REG
  X:C217H         PUBLIC        BKC2_17_REG
  X:C208H         PUBLIC        BKC2_08_REG
  X:C190H         PUBLIC        BKC1_90_REG
  X:C136H         PUBLIC        BKC1_36_REG
  X:C118H         PUBLIC        BKC1_18_REG
  X:A066H         PUBLIC        BKA0_66_REG
  X:A057H         PUBLIC        BKA0_57_REG
  X:A048H         PUBLIC        BKA0_48_REG
  X:A039H         PUBLIC        BKA0_39_REG
  X:D225H         PUBLIC        BKD2_25_REG
  X:D207H         PUBLIC        BKD2_07_REG
  X:D009H         PUBLIC        BKD0_09_REG
  X:B821H         PUBLIC        BKB8_21_REG
  X:B083H         PUBLIC        BKB0_83_REG
  X:B074H         PUBLIC        BKB0_74_REG
  X:B065H         PUBLIC        BKB0_65_REG
  X:B092H         PUBLIC        BKB0_92_REG
  X:900DH         PUBLIC        BK90_0D_REG
  X:C254H         PUBLIC        BKC2_54_REG
  X:C236H         PUBLIC        BKC2_36_REG
  X:C227H         PUBLIC        BKC2_27_REG
  X:C218H         PUBLIC        BKC2_18_REG
  X:C209H         PUBLIC        BKC2_09_REG
  X:C191H         PUBLIC        BKC1_91_REG
  X:C119H         PUBLIC        BKC1_19_REG
  X:A067H         PUBLIC        BKA0_67_REG
  X:A058H         PUBLIC        BKA0_58_REG
  X:A049H         PUBLIC        BKA0_49_REG
  X:D217H         PUBLIC        BKD2_17_REG
  X:D280H         PUBLIC        BKD2_80_REG
  X:D226H         PUBLIC        BKD2_26_REG
  X:D208H         PUBLIC        BKD2_08_REG
  X:D118H         PUBLIC        BKD1_18_REG
  X:D145H         PUBLIC        BKD1_45_REG
  X:B048H         PUBLIC        BKB0_48_REG
  X:B084H         PUBLIC        BKB0_84_REG
  X:B075H         PUBLIC        BKB0_75_REG
  X:B057H         PUBLIC        BKB0_57_REG
BL51 BANKED LINKER/LOCATER V6.22.2.0                                                  11/25/2025  14:33:30  PAGE 24


  X:B066H         PUBLIC        BKB0_66_REG
  X:B039H         PUBLIC        BKB0_39_REG
  X:805AH         PUBLIC        BK80_5A_REG
  X:C237H         PUBLIC        BKC2_37_REG
  X:C228H         PUBLIC        BKC2_28_REG
  X:C219H         PUBLIC        BKC2_19_REG
  X:A068H         PUBLIC        BKA0_68_REG
  X:A059H         PUBLIC        BKA0_59_REG
  X:D281H         PUBLIC        BKD2_81_REG
  X:D119H         PUBLIC        BKD1_19_REG
  X:D146H         PUBLIC        BKD1_46_REG
  X:B814H         PUBLIC        BKB8_14_REG
  X:D803H         PUBLIC        BKD8_03_REG
  X:B085H         PUBLIC        BKB0_85_REG
  X:B076H         PUBLIC        BKB0_76_REG
  X:B049H         PUBLIC        BKB0_49_REG
  X:905AH         PUBLIC        BK90_5A_REG
  X:900FH         PUBLIC        BK90_0F_REG
  X:805BH         PUBLIC        BK80_5B_REG
  X:D219H         PUBLIC        BKD2_19_REG
  X:C256H         PUBLIC        BKC2_56_REG
  X:C238H         PUBLIC        BKC2_38_REG
  X:C193H         PUBLIC        BKC1_93_REG
  X:A069H         PUBLIC        BKA0_69_REG
  X:D237H         PUBLIC        BKD2_37_REG
  X:D228H         PUBLIC        BKD2_28_REG
  X:D147H         PUBLIC        BKD1_47_REG
  X:D129H         PUBLIC        BKD1_29_REG
  X:B059H         PUBLIC        BKB0_59_REG
  X:B086H         PUBLIC        BKB0_86_REG
  X:B077H         PUBLIC        BKB0_77_REG
  X:905BH         PUBLIC        BK90_5B_REG
  X:805CH         PUBLIC        BK80_5C_REG
  X:D283H         PUBLIC        BKD2_83_REG
  X:C257H         PUBLIC        BKC2_57_REG
  X:C239H         PUBLIC        BKC2_39_REG
  X:D850H         PUBLIC        BKD8_50_REG
  X:D247H         PUBLIC        BKD2_47_REG
  X:D148H         PUBLIC        BKD1_48_REG
  X:B816H         PUBLIC        BKB8_16_REG
  X:B087H         PUBLIC        BKB0_87_REG
  X:905CH         PUBLIC        BK90_5C_REG
  X:805DH         PUBLIC        BK80_5D_REG
  X:C258H         PUBLIC        BKC2_58_REG
  X:C195H         PUBLIC        BKC1_95_REG
  X:D851H         PUBLIC        BKD8_51_REG
  X:A0A0H         PUBLIC        BKA0_A0_REG
  X:D248H         PUBLIC        BKD2_48_REG
  X:D149H         PUBLIC        BKD1_49_REG
  X:905DH         PUBLIC        BK90_5D_REG
  X:805EH         PUBLIC        BK80_5E_REG
  X:C259H         PUBLIC        BKC2_59_REG
  X:C196H         PUBLIC        BKC1_96_REG
  X:D852H         PUBLIC        BKD8_52_REG
  X:A0A1H         PUBLIC        BKA0_A1_REG
  X:D249H         PUBLIC        BKD2_49_REG
  X:D267H         PUBLIC        BKD2_67_REG
BL51 BANKED LINKER/LOCATER V6.22.2.0                                                  11/25/2025  14:33:30  PAGE 25


  X:B089H         PUBLIC        BKB0_89_REG
  X:905EH         PUBLIC        BK90_5E_REG
  X:805FH         PUBLIC        BK80_5F_REG
  X:C197H         PUBLIC        BKC1_97_REG
  X:D853H         PUBLIC        BKD8_53_REG
  X:D286H         PUBLIC        BKD2_86_REG
  X:B00BH         PUBLIC        BKB0_0B_REG
  X:B01AH         PUBLIC        BKB0_1A_REG
  X:905FH         PUBLIC        BK90_5F_REG
  X:C10AH         PUBLIC        BKC1_0A_REG
  X:C198H         PUBLIC        BKC1_98_REG
  X:D854H         PUBLIC        BKD8_54_REG
  X:A03AH         PUBLIC        BKA0_3A_REG
  X:D296H         PUBLIC        BKD2_96_REG
  X:D287H         PUBLIC        BKD2_87_REG
  X:D269H         PUBLIC        BKD2_69_REG
  X:D00AH         PUBLIC        BKD0_0A_REG
  X:D819H         PUBLIC        BKD8_19_REG
  X:C20AH         PUBLIC        BKC2_0A_REG
  X:C10BH         PUBLIC        BKC1_0B_REG
  X:C11AH         PUBLIC        BKC1_1A_REG
  X:C199H         PUBLIC        BKC1_99_REG
  X:C0C0H         PUBLIC        BKC0_C0_REG
  X:D855H         PUBLIC        BKD8_55_REG
  X:A01DH         PUBLIC        BKA0_1D_REG
  X:A03BH         PUBLIC        BKA0_3B_REG
  X:D297H         PUBLIC        BKD2_97_REG
  X:D288H         PUBLIC        BKD2_88_REG
  X:D00BH         PUBLIC        BKD0_0B_REG
  X:B03AH         PUBLIC        BKB0_3A_REG
  X:B01CH         PUBLIC        BKB0_1C_REG
  X:D2A0H         PUBLIC        BKD2_A0_REG
  X:D289H         PUBLIC        BKD2_89_REG
  X:C20BH         PUBLIC        BKC2_0B_REG
  X:C11BH         PUBLIC        BKC1_1B_REG
  X:C1B1H         PUBLIC        BKC1_B1_REG
  X:C1A2H         PUBLIC        BKC1_A2_REG
  X:C10CH         PUBLIC        BKC1_0C_REG
  X:C0A3H         PUBLIC        BKC0_A3_REG
  X:A03CH         PUBLIC        BKA0_3C_REG
  X:D20AH         PUBLIC        BKD2_0A_REG
  X:B04AH         PUBLIC        BKB0_4A_REG
  X:B03BH         PUBLIC        BKB0_3B_REG
  X:B02CH         PUBLIC        BKB0_2C_REG
  X:B01DH         PUBLIC        BKB0_1D_REG
  X:C22AH         PUBLIC        BKC2_2A_REG
  X:C21BH         PUBLIC        BKC2_1B_REG
  X:C20CH         PUBLIC        BKC2_0C_REG
  X:C1B2H         PUBLIC        BKC1_B2_REG
  X:C10DH         PUBLIC        BKC1_0D_REG
  X:C1A3H         PUBLIC        BKC1_A3_REG
  X:A03DH         PUBLIC        BKA0_3D_REG
  X:D12AH         PUBLIC        BKD1_2A_REG
  X:B05AH         PUBLIC        BKB0_5A_REG
  X:B01EH         PUBLIC        BKB0_1E_REG
  X:C21CH         PUBLIC        BKC2_1C_REG
  X:C20DH         PUBLIC        BKC2_0D_REG
BL51 BANKED LINKER/LOCATER V6.22.2.0                                                  11/25/2025  14:33:30  PAGE 26


  X:C12CH         PUBLIC        BKC1_2C_REG
  X:C1B3H         PUBLIC        BKC1_B3_REG
  X:A03EH         PUBLIC        BKA0_3E_REG
  X:D20CH         PUBLIC        BKD2_0C_REG
  X:D1D0H         PUBLIC        BKD1_D0_REG
  X:B04CH         PUBLIC        BKB0_4C_REG
  X:B06AH         PUBLIC        BKB0_6A_REG
  X:B05BH         PUBLIC        BKB0_5B_REG
  X:B02EH         PUBLIC        BKB0_2E_REG
  X:B01FH         PUBLIC        BKB0_1F_REG
  X:D21CH         PUBLIC        BKD2_1C_REG
  X:C22CH         PUBLIC        BKC2_2C_REG
  X:C21DH         PUBLIC        BKC2_1D_REG
  X:C20EH         PUBLIC        BKC2_0E_REG
  X:C1B4H         PUBLIC        BKC1_B4_REG
  X:C12DH         PUBLIC        BKC1_2D_REG
  X:C11EH         PUBLIC        BKC1_1E_REG
  X:A03FH         PUBLIC        BKA0_3F_REG
  X:D23AH         PUBLIC        BKD2_3A_REG
  X:D20DH         PUBLIC        BKD2_0D_REG
  X:D1D1H         PUBLIC        BKD1_D1_REG
  X:D00FH         PUBLIC        BKD0_0F_REG
  X:B06BH         PUBLIC        BKB0_6B_REG
  X:B04DH         PUBLIC        BKB0_4D_REG
  X:B05CH         PUBLIC        BKB0_5C_REG
  X:B03EH         PUBLIC        BKB0_3E_REG
  X:C25AH         PUBLIC        BKC2_5A_REG
  X:C22DH         PUBLIC        BKC2_2D_REG
  X:C20FH         PUBLIC        BKC2_0F_REG
  X:C1B5H         PUBLIC        BKC1_B5_REG
  X:C11FH         PUBLIC        BKC1_1F_REG
  X:C12EH         PUBLIC        BKC1_2E_REG
  X:A05EH         PUBLIC        BKA0_5E_REG
  X:D23BH         PUBLIC        BKD2_3B_REG
  X:D20EH         PUBLIC        BKD2_0E_REG
  X:D24AH         PUBLIC        BKD2_4A_REG
  X:D1D2H         PUBLIC        BKD1_D2_REG
  X:B80AH         PUBLIC        BKB8_0A_REG
  X:B05DH         PUBLIC        BKB0_5D_REG
  X:B04EH         PUBLIC        BKB0_4E_REG
  X:B07BH         PUBLIC        BKB0_7B_REG
  X:B06CH         PUBLIC        BKB0_6C_REG
  X:B08AH         PUBLIC        BKB0_8A_REG
  X:B03FH         PUBLIC        BKB0_3F_REG
  X:B8B0H         PUBLIC        BKB8_B0_REG
  X:D24BH         PUBLIC        BKD2_4B_REG
  X:C24CH         PUBLIC        BKC2_4C_REG
  X:C25BH         PUBLIC        BKC2_5B_REG
  X:C22EH         PUBLIC        BKC2_2E_REG
  X:C1B6H         PUBLIC        BKC1_B6_REG
  X:C12FH         PUBLIC        BKC1_2F_REG
  X:A05FH         PUBLIC        BKA0_5F_REG
  X:D23CH         PUBLIC        BKD2_3C_REG
  X:D20FH         PUBLIC        BKD2_0F_REG
  X:D1D3H         PUBLIC        BKD1_D3_REG
  X:B80BH         PUBLIC        BKB8_0B_REG
  X:B07CH         PUBLIC        BKB0_7C_REG
BL51 BANKED LINKER/LOCATER V6.22.2.0                                                  11/25/2025  14:33:30  PAGE 27


  X:B06DH         PUBLIC        BKB0_6D_REG
  X:B04FH         PUBLIC        BKB0_4F_REG
  X:B08BH         PUBLIC        BKB0_8B_REG
  X:B05EH         PUBLIC        BKB0_5E_REG
  X:C25CH         PUBLIC        BKC2_5C_REG
  X:C22FH         PUBLIC        BKC2_2F_REG
  X:C1A8H         PUBLIC        BKC1_A8_REG
  X:C18AH         PUBLIC        BKC1_8A_REG
  X:D23DH         PUBLIC        BKD2_3D_REG
  X:D21FH         PUBLIC        BKD2_1F_REG
  X:D1D4H         PUBLIC        BKD1_D4_REG
  X:B8B1H         PUBLIC        BKB8_B1_REG
  X:B06EH         PUBLIC        BKB0_6E_REG
  X:B05FH         PUBLIC        BKB0_5F_REG
  X:B07DH         PUBLIC        BKB0_7D_REG
  X:B08CH         PUBLIC        BKB0_8C_REG
  X:C25DH         PUBLIC        BKC2_5D_REG
  X:C1A9H         PUBLIC        BKC1_A9_REG
  X:C18BH         PUBLIC        BKC1_8B_REG
  X:C19AH         PUBLIC        BKC1_9A_REG
  X:D22FH         PUBLIC        BKD2_2F_REG
  X:D23EH         PUBLIC        BKD2_3E_REG
  X:D1D5H         PUBLIC        BKD1_D5_REG
  X:B8B2H         PUBLIC        BKB8_B2_REG
  X:B83AH         PUBLIC        BKB8_3A_REG
  X:B08DH         PUBLIC        BKB0_8D_REG
  X:B07EH         PUBLIC        BKB0_7E_REG
  X:B06FH         PUBLIC        BKB0_6F_REG
  X:D28AH         PUBLIC        BKD2_8A_REG
  X:C18CH         PUBLIC        BKC1_8C_REG
  X:D1D6H         PUBLIC        BKD1_D6_REG
  X:B8B3H         PUBLIC        BKB8_B3_REG
  X:B83BH         PUBLIC        BKB8_3B_REG
  X:B07FH         PUBLIC        BKB0_7F_REG
  X:B08EH         PUBLIC        BKB0_8E_REG
  X:D28BH         PUBLIC        BKD2_8B_REG
  X:C19CH         PUBLIC        BKC1_9C_REG
  X:C18DH         PUBLIC        BKC1_8D_REG
  X:D1D7H         PUBLIC        BKD1_D7_REG
  X:B08FH         PUBLIC        BKB0_8F_REG
  X:D28CH         PUBLIC        BKD2_8C_REG
  X:D85AH         PUBLIC        BKD8_5A_REG
  X:C19EH         PUBLIC        BKC1_9E_REG
  X:D85BH         PUBLIC        BKD8_5B_REG
  X:D81FH         PUBLIC        BKD8_1F_REG
  X:C19FH         PUBLIC        BKC1_9F_REG
  X:D27FH         PUBLIC        BKD2_7F_REG
  X:D85CH         PUBLIC        BKD8_5C_REG
  X:D85DH         PUBLIC        BKD8_5D_REG
  X:D85EH         PUBLIC        BKD8_5E_REG
  X:D85FH         PUBLIC        BKD8_5F_REG
  X:C1ACH         PUBLIC        BKC1_AC_REG
  X:C1ADH         PUBLIC        BKC1_AD_REG
  X:DAA3H         PUBLIC        BKDA_A3_REG
  X:C1AEH         PUBLIC        BKC1_AE_REG
  X:DAA4H         PUBLIC        BKDA_A4_REG
  X:DBA4H         PUBLIC        BKDB_A4_REG
BL51 BANKED LINKER/LOCATER V6.22.2.0                                                  11/25/2025  14:33:30  PAGE 28


  X:C1AFH         PUBLIC        BKC1_AF_REG
  X:D1CCH         PUBLIC        BKD1_CC_REG
  X:DAC4H         PUBLIC        BKDA_C4_REG
  X:D1CDH         PUBLIC        BKD1_CD_REG
  X:D1EBH         PUBLIC        BKD1_EB_REG
  X:DAC5H         PUBLIC        BKDA_C5_REG
  X:D1CEH         PUBLIC        BKD1_CE_REG
  X:D1CFH         PUBLIC        BKD1_CF_REG
  X:DBC6H         PUBLIC        BKDB_C6_REG
  X:DBC7H         PUBLIC        BKDB_C7_REG
  X:DBC8H         PUBLIC        BKDB_C8_REG
  X:DBC9H         PUBLIC        BKDB_C9_REG
  X:DABAH         PUBLIC        BKDA_BA_REG
  X:DABBH         PUBLIC        BKDA_BB_REG
  X:DBCAH         PUBLIC        BKDB_CA_REG
  X:DABCH         PUBLIC        BKDA_BC_REG
  X:DBCBH         PUBLIC        BKDB_CB_REG
  X:DABDH         PUBLIC        BKDA_BD_REG
  X:DBCCH         PUBLIC        BKDB_CC_REG
  X:DBCDH         PUBLIC        BKDB_CD_REG
  X:DBCEH         PUBLIC        BKDB_CE_REG
  X:DAFCH         PUBLIC        BKDA_FC_REG
  X:9010H         PUBLIC        BK90_10_REG
  X:9002H         PUBLIC        BK90_02_REG
  X:9003H         PUBLIC        BK90_03_REG
  X:9005H         PUBLIC        BK90_05_REG
  X:9060H         PUBLIC        BK90_60_REG
  X:9051H         PUBLIC        BK90_51_REG
  X:9061H         PUBLIC        BK90_61_REG
  X:9007H         PUBLIC        BK90_07_REG
  -------         ENDMOD        REGISTER

  -------         MODULE        LT7911
  C:0000H         SYMBOL        _ICE_DUMMY_
  C:3DFAH         PUBLIC        linkAux_TypecEvb_CC1
  C:3E13H         PUBLIC        linkAux_TypecEvb_CC2
  B:00A8H.7       PUBLIC        EA
  C:3E45H         PUBLIC        SET_GPIO5_LOW
  D:00A8H         PUBLIC        IE
  C:2D75H         PUBLIC        DPCD_Init
  C:3ECAH         PUBLIC        ENABLE_VYSNC
  C:2C8CH         PUBLIC        VideoChangeDetect
  C:36F4H         PUBLIC        _DPCD_Parameter
  C:0003H         PUBLIC        SystemClk
  C:37FEH         PUBLIC        Attention_Send
  C:3E2CH         PUBLIC        SET_GPIO5_HIGH
  D:0089H         PUBLIC        TMOD
  C:3E77H         PUBLIC        AUX_INT
  C:3D98H         PUBLIC        HPD_High
  C:3CBAH         PUBLIC        RebulidEdid
  C:3DC7H         PUBLIC        Video_INT
  C:3EA1H         PUBLIC        SET_I2S_D2_LOW
  D:008CH         PUBLIC        TH0
  D:008DH         PUBLIC        TH1
  B:0088H.2       PUBLIC        IT1
  D:008AH         PUBLIC        TL0
  D:008BH         PUBLIC        TL1
BL51 BANKED LINKER/LOCATER V6.22.2.0                                                  11/25/2025  14:33:30  PAGE 29


  C:3BD7H         PUBLIC        CC_INT
  C:1B1FH         PUBLIC        Lt7911_InitialSteps
  B:0088H.4       PUBLIC        TR0
[...]
  C:38A1H         LINE#         299
  C:38A3H         LINE#         300
  C:38A6H         LINE#         301
  C:38A9H         LINE#         302
  C:38B7H         LINE#         303
  C:38B9H         LINE#         304
  C:38C5H         LINE#         305
  C:38C5H         LINE#         306
  C:38CCH         LINE#         307
  C:38CCH         LINE#         308
  C:38D3H         LINE#         309
  C:38D5H         LINE#         310
  C:38D7H         LINE#         312
  C:38D7H         LINE#         313
  C:38DDH         LINE#         314
  C:38DDH         LINE#         315
  C:38DDH         LINE#         317
  -------         ENDPROC       TIME1INTERRUPTSERVICE
  -------         PROC          INTERRUPTVIDEOTASK
  C:3DACH         LINE#         319
  C:3DACH         LINE#         320
  C:3DACH         LINE#         321
  C:3DB3H         LINE#         322
  C:3DB3H         LINE#         323
  C:3DBAH         LINE#         324
  C:3DBDH         LINE#         325
  C:3DC1H         LINE#         326
  C:3DC6H         LINE#         327
  C:3DC6H         LINE#         328
  -------         ENDPROC       INTERRUPTVIDEOTASK
  -------         PROC          IT1INTERRUPTSERVICE
  C:322DH         LINE#         330
  C:324AH         LINE#         332
  C:324FH         LINE#         333
  C:3256H         LINE#         334
  C:325CH         LINE#         335
  C:325EH         LINE#         336
  C:3266H         LINE#         337
  C:3269H         LINE#         338
  C:326EH         LINE#         339
  C:3270H         LINE#         340
  C:3273H         LINE#         341
  C:3275H         LINE#         342
  C:3275H         LINE#         343
BL51 BANKED LINKER/LOCATER V6.22.2.0                                                  11/25/2025  14:33:30  PAGE 70


  C:3275H         LINE#         345
  C:327BH         LINE#         346
  C:327BH         LINE#         347
  C:3282H         LINE#         348
  C:3288H         LINE#         349
  C:328BH         LINE#         350
  C:3291H         LINE#         351
  C:3294H         LINE#         352
  C:3297H         LINE#         353
  C:3299H         LINE#         354
  C:329CH         LINE#         355
  C:329EH         LINE#         356
  C:32A1H         LINE#         357
  C:32A4H         LINE#         360
  C:32A4H         LINE#         361
  C:32A4H         LINE#         363
  C:32ABH         LINE#         364
  C:32ABH         LINE#         365
  C:32AEH         LINE#         366
  C:32B5H         LINE#         367
  C:32B8H         LINE#         368
  C:32B8H         LINE#         370
  -------         ENDPROC       IT1INTERRUPTSERVICE
  -------         ENDMOD        INT

  -------         MODULE        TYPEC
  C:0000H         SYMBOL        _ICE_DUMMY_
  C:3B00H         PUBLIC        TypeCInit
  X:021AH         PUBLIC        sendtmp
  X:021BH         PUBLIC        tmp0
  X:021CH         PUBLIC        LOOP_VDM
  X:021DH         PUBLIC        TotalData
  X:021EH         PUBLIC        SendData
  X:021FH         PUBLIC        CRCtime
  X:0220H         PUBLIC        SendDone
  C:3690H         PUBLIC        UFP_ReadMessage
  X:0221H         PUBLIC        NumberRvdData
  X:0222H         PUBLIC        VDM_en
  X:0223H         PUBLIC        CcRxRvdData
  X:0243H         PUBLIC        StartSend
  X:0244H         PUBLIC        SendStart
  X:0245H         PUBLIC        SendEN
  C:3F14H         PUBLIC        DccInit
  X:0246H         PUBLIC        UFP_DFP
  X:0247H         PUBLIC        done
  X:0248H         PUBLIC        status
  X:0249H         PUBLIC        five
  X:024AH         PUBLIC        LastPG
  X:024BH         PUBLIC        CcStatus
  X:024CH         PUBLIC        ReadEn
  C:362DH         PUBLIC        UccInit
  X:024DH         PUBLIC        loopx
  X:024EH         PUBLIC        TypecRXHeadCount
  C:3483H         PUBLIC        Send_Message
  C:1CE3H         PUBLIC        CCSendSndData
  X:024FH         PUBLIC        SendMegSndDataOffset
  X:0250H         PUBLIC        Status2
BL51 BANKED LINKER/LOCATER V6.22.2.0                                                  11/25/2025  14:33:30  PAGE 71


  X:0251H         PUBLIC        nack_loop
  X:0252H         PUBLIC        CcRxRvdDatalenth
  X:0253H         PUBLIC        SendMegFstDataOffset
  X:0254H         PUBLIC        TypecRXCount
  X:0255H         PUBLIC        danglesum
  X:0256H         PUBLIC        Receive
  X:0257H         PUBLIC        loop_send
  X:0258H         PUBLIC        send_over
  X:0259H         PUBLIC        MsgType
  X:025AH         PUBLIC        LonTP
  C:35C9H         PUBLIC        TypecTmpInit
  C:34FEH         PUBLIC        Send_Request
  C:30C0H         PUBLIC        Analysis_Vdm_Msg
  X:025BH         PUBLIC        mux
  C:3F02H         PUBLIC        _delay_us
  X:025CH         PUBLIC        PrSwap
  X:025DH         PUBLIC        TxSendStatus
  X:025EH         PUBLIC        StartPakege
  X:025FH         PUBLIC        tp
  X:0260H         PUBLIC        GoodCRC
  X:0261H         PUBLIC        CcRxMsgHeader
  X:0263H         PUBLIC        readtmp
  C:38E6H         PUBLIC        Request_Ucc_Fix
  X:0264H         PUBLIC        LOOP_ALL
  X:0265H         PUBLIC        BookSourceCapBuffer
  X:026BH         PUBLIC        steptemp
  X:026CH         PUBLIC        AUXStatus
  X:026DH         PUBLIC        FirstAUX
  X:026EH         PUBLIC        DataOrder
  X:026FH         PUBLIC        Adsum
  -------         PROC          _DELAY_US
  D:0006H         SYMBOL        t
  C:3F02H         LINE#         102
  C:3F02H         LINE#         103
  C:3F02H         LINE#         104
  C:3F0CH         LINE#         105
  -------         ENDPROC       _DELAY_US
  -------         PROC          TYPECTMPINIT
  C:35C9H         LINE#         107
  C:35C9H         LINE#         108
  C:35C9H         LINE#         109
  C:35CEH         LINE#         110
  C:35D2H         LINE#         111
  C:35D6H         LINE#         112
  C:35DAH         LINE#         113
  C:35DEH         LINE#         114
  C:35E2H         LINE#         115
  C:35E6H         LINE#         116
  C:35EBH         LINE#         117
  C:35F0H         LINE#         118
  C:35F4H         LINE#         119
  C:35F8H         LINE#         120
  C:35FEH         LINE#         121
  C:3603H         LINE#         122
  C:3607H         LINE#         123
  C:360CH         LINE#         124
  C:3610H         LINE#         125
BL51 BANKED LINKER/LOCATER V6.22.2.0                                                  11/25/2025  14:33:30  PAGE 72


  C:3616H         LINE#         126
  C:3618H         LINE#         127
  C:361AH         LINE#         128
  C:361CH         LINE#         129
  C:361EH         LINE#         130
  C:3620H         LINE#         131
  C:3622H         LINE#         132
  C:3624H         LINE#         133
  C:3626H         LINE#         134
  C:3628H         LINE#         135
  C:362AH         LINE#         136
  C:362CH         LINE#         137
  -------         ENDPROC       TYPECTMPINIT
  -------         PROC          DCCINIT
  C:3F14H         LINE#         139
  C:3F14H         LINE#         140
  C:3F1AH         LINE#         141
  -------         ENDPROC       DCCINIT
  -------         PROC          UCCINIT
  C:362DH         LINE#         143
  C:362DH         LINE#         144
  C:3632H         LINE#         145
  C:3638H         LINE#         146
  C:363EH         LINE#         147
  C:3644H         LINE#         148
  C:364AH         LINE#         149
  C:3650H         LINE#         150
  C:3656H         LINE#         151
  C:365CH         LINE#         152
  C:3661H         LINE#         153
  C:3667H         LINE#         155
  C:366DH         LINE#         156
  C:3673H         LINE#         157
  C:3679H         LINE#         158
  C:367FH         LINE#         159
  C:3684H         LINE#         160
  C:3689H         LINE#         161
  C:368FH         LINE#         162
  -------         ENDPROC       UCCINIT
  -------         PROC          TYPECINIT
  C:3B00H         LINE#         164
  C:3B00H         LINE#         165
  C:3B00H         LINE#         166
  C:3B06H         LINE#         167
  C:3B0AH         LINE#         168
  C:3B10H         LINE#         169
  C:3B13H         LINE#         170
  C:3B16H         LINE#         171
  C:3B1CH         LINE#         172
  C:3B22H         LINE#         173
  C:3B25H         LINE#         175
  C:3B2BH         LINE#         177
  C:3B2EH         LINE#         178
  -------         ENDPROC       TYPECINIT
  -------         PROC          SEND_MESSAGE
  C:3483H         LINE#         180
  C:3483H         LINE#         181
BL51 BANKED LINKER/LOCATER V6.22.2.0                                                  11/25/2025  14:33:30  PAGE 73


  C:3483H         LINE#         183
  C:3495H         LINE#         184
  C:3495H         LINE#         185
  C:34B9H         LINE#         186
  C:34BDH         LINE#         187
  C:34BDH         LINE#         188
  C:34CAH         LINE#         189
  C:34D1H         LINE#         190
  C:34D3H         LINE#         191
  C:34D9H         LINE#         192
  C:34D9H         LINE#         193
  C:34E1H         LINE#         194
  C:34E9H         LINE#         195
  C:34EFH         LINE#         196
  C:34F1H         LINE#         197
  C:34F7H         LINE#         198
  C:34FDH         LINE#         199
  -------         ENDPROC       SEND_MESSAGE
  -------         PROC          SEND_REQUEST
  C:34FEH         LINE#         200
  C:34FEH         LINE#         201
  C:34FEH         LINE#         203
  C:3511H         LINE#         204
  C:3511H         LINE#         205
  C:3520H         LINE#         206
  C:3524H         LINE#         207
  C:3531H         LINE#         208
  C:3538H         LINE#         209
  C:353AH         LINE#         210
  C:3540H         LINE#         211
  C:3540H         LINE#         212
  C:3548H         LINE#         213
  C:3550H         LINE#         214
  C:3556H         LINE#         215
  C:3558H         LINE#         216
  C:355EH         LINE#         217
  C:3564H         LINE#         218
  -------         ENDPROC       SEND_REQUEST
  -------         PROC          REQUEST_UCC_FIX
  -------         DO            
  D:0007H         SYMBOL        i
  -------         ENDDO         
  C:38E6H         LINE#         219
  C:38E6H         LINE#         220
  C:38E6H         LINE#         221
  C:38E6H         LINE#         222
  C:38E6H         LINE#         223
  C:38F0H         LINE#         225
  C:38F6H         LINE#         226
  C:38FAH         LINE#         227
  C:3902H         LINE#         228
  C:3915H         LINE#         229
  C:392BH         LINE#         230
  C:392FH         LINE#         231
  -------         ENDPROC       REQUEST_UCC_FIX
  -------         PROC          ANALYSIS_VDM_MSG
  C:30C0H         LINE#         232
BL51 BANKED LINKER/LOCATER V6.22.2.0                                                  11/25/2025  14:33:30  PAGE 74


  C:30C0H         LINE#         233
  C:30C0H         LINE#         234
  C:30C7H         LINE#         235
  C:30D2H         LINE#         236
  C:30D2H         LINE#         237
  C:30DCH         LINE#         238
  C:30DCH         LINE#         239
  C:30E3H         LINE#         240
  C:30FEH         LINE#         241
  C:30FEH         LINE#         243
  C:30FEH         LINE#         244
  C:3104H         LINE#         245
  C:310AH         LINE#         246
  C:310DH         LINE#         247
  C:3113H         LINE#         248
  C:3114H         LINE#         249
  C:3114H         LINE#         250
  C:311AH         LINE#         251
  C:311FH         LINE#         252
  C:311FH         LINE#         253
  C:3121H         LINE#         254
  C:3121H         LINE#         255
  C:3127H         LINE#         256
  C:312CH         LINE#         257
  C:312CH         LINE#         258
  C:312EH         LINE#         259
  C:312EH         LINE#         260
  C:3134H         LINE#         261
  C:313AH         LINE#         262
  C:313AH         LINE#         263
  C:313CH         LINE#         264
  C:313CH         LINE#         265
  C:313CH         LINE#         266
  C:313CH         LINE#         268
  C:313CH         LINE#         270
  C:313CH         LINE#         271
  C:3144H         LINE#         272
  C:3144H         LINE#         273
  C:3147H         LINE#         274
  C:314DH         LINE#         275
  C:314FH         LINE#         277
  C:314FH         LINE#         278
  C:3152H         LINE#         279
  C:3157H         LINE#         280
  C:3157H         LINE#         281
  C:315AH         LINE#         282
  C:315AH         LINE#         283
  C:315AH         LINE#         284
  C:3160H         LINE#         285
  C:3164H         LINE#         286
  C:3167H         LINE#         287
  C:316DH         LINE#         288
  C:3171H         LINE#         289
  C:3177H         LINE#         290
  C:3177H         LINE#         291
  C:3177H         LINE#         293
  C:3177H         LINE#         295
BL51 BANKED LINKER/LOCATER V6.22.2.0                                                  11/25/2025  14:33:30  PAGE 75


  C:3177H         LINE#         296
  C:3177H         LINE#         297
  C:3177H         LINE#         316
  C:3177H         LINE#         318
  C:3177H         LINE#         319
  -------         ENDPROC       ANALYSIS_VDM_MSG
  -------         PROC          UFP_READMESSAGE
  C:3690H         LINE#         321
  C:3690H         LINE#         322
  C:3690H         LINE#         323
  C:3696H         LINE#         324
  C:3696H         LINE#         326
  C:36A3H         LINE#         327
  C:36A3H         LINE#         328
  C:36A3H         LINE#         330
  C:36A3H         LINE#         331
  C:36A3H         LINE#         332
  C:36A3H         LINE#         333
  C:36A3H         LINE#         337
  C:36A3H         LINE#         338
  C:36A3H         LINE#         339
  C:36A3H         LINE#         340
  C:36A3H         LINE#         341
  C:36A3H         LINE#         342
  C:36A3H         LINE#         344
  C:36A3H         LINE#         345
  C:36A3H         LINE#         346
  C:36A9H         LINE#         347
  C:36AEH         LINE#         348
  C:36AEH         LINE#         350
  C:36B0H         LINE#         351
  C:36B0H         LINE#         352
  C:36B6H         LINE#         353
  C:36BCH         LINE#         354
  C:36BFH         LINE#         355
  C:36BFH         LINE#         356
  C:36BFH         LINE#         357
  C:36BFH         LINE#         358
  C:36BFH         LINE#         361
  C:36BFH         LINE#         362
  C:36BFH         LINE#         363
  C:36BFH         LINE#         364
  C:36BFH         LINE#         365
  C:36BFH         LINE#         366
  C:36BFH         LINE#         367
  C:36BFH         LINE#         368
  C:36BFH         LINE#         369
  C:36BFH         LINE#         370
  C:36BFH         LINE#         371
  C:36BFH         LINE#         373
  C:36BFH         LINE#         374
  C:36CBH         LINE#         375
  C:36CBH         LINE#         376
  C:36CBH         LINE#         377
  C:36D2H         LINE#         378
  C:36D7H         LINE#         379
  C:36DDH         LINE#         381
BL51 BANKED LINKER/LOCATER V6.22.2.0                                                  11/25/2025  14:33:30  PAGE 76


  C:36E0H         LINE#         384
  C:36E3H         LINE#         385
  C:36E9H         LINE#         389
  C:36EAH         LINE#         390
  C:36EAH         LINE#         392
  C:36EAH         LINE#         393
  C:36EAH         LINE#         394
  C:36EAH         LINE#         395
  C:36EAH         LINE#         397
  C:36EAH         LINE#         398
  C:36EAH         LINE#         400
  C:36EDH         LINE#         402
  C:36EDH         LINE#         403
  C:36EDH         LINE#         404
  C:36EDH         LINE#         405
  C:36EDH         LINE#         406
  -------         ENDPROC       UFP_READMESSAGE
  -------         ENDMOD        TYPEC

  -------         MODULE        ?C?COPY
  C:050DH         PUBLIC        ?C?COPY
  -------         ENDMOD        ?C?COPY

  -------         MODULE        ?C?CLDPTR
  C:0533H         PUBLIC        ?C?CLDPTR
  -------         ENDMOD        ?C?CLDPTR

  -------         MODULE        ?C?CLDOPTR
  C:054CH         PUBLIC        ?C?CLDOPTR
  -------         ENDMOD        ?C?CLDOPTR

  -------         MODULE        ?C?CSTPTR
  C:0579H         PUBLIC        ?C?CSTPTR
  -------         ENDMOD        ?C?CSTPTR

  -------         MODULE        ?C?CSTOPTR
  C:058BH         PUBLIC        ?C?CSTOPTR
  -------         ENDMOD        ?C?CSTOPTR

  -------         MODULE        ?C?IMUL
  C:05ADH         PUBLIC        ?C?IMUL
  -------         ENDMOD        ?C?IMUL

  -------         MODULE        ?C?UIDIV
  C:05BFH         PUBLIC        ?C?UIDIV
  -------         ENDMOD        ?C?UIDIV

  -------         MODULE        ?C?IILDX
  C:0614H         PUBLIC        ?C?IILDX
  -------         ENDMOD        ?C?IILDX

  -------         MODULE        ?C?LMUL
  C:062AH         PUBLIC        ?C?LMUL
  -------         ENDMOD        ?C?LMUL

  -------         MODULE        ?C?ULDIV
  C:06B5H         PUBLIC        ?C?ULDIV
BL51 BANKED LINKER/LOCATER V6.22.2.0                                                  11/25/2025  14:33:30  PAGE 77


  -------         ENDMOD        ?C?ULDIV

  -------         MODULE        ?C?ULCMP
  C:0747H         PUBLIC        ?C?ULCMP
  -------         ENDMOD        ?C?ULCMP

  -------         MODULE        ?C?ULSHR
  C:0758H         PUBLIC        ?C?ULSHR
  -------         ENDMOD        ?C?ULSHR

  -------         MODULE        ?C?LSHL
  C:076BH         PUBLIC        ?C?LSHL
  -------         ENDMOD        ?C?LSHL

  -------         MODULE        ?C?LSTXDATA
  C:077EH         PUBLIC        ?C?LSTXDATA
  -------         ENDMOD        ?C?LSTXDATA

  -------         MODULE        ?C?LSTKXDATA
  C:078AH         PUBLIC        ?C?LSTKXDATA
  -------         ENDMOD        ?C?LSTKXDATA

  -------         MODULE        PRINTF
  X:0270H         PUBLIC        ?_PRINTF517?BYTE
  X:0270H         PUBLIC        ?_PRINTF?BYTE
  X:0270H         PUBLIC        ?_SPRINTF517?BYTE
  X:0270H         PUBLIC        ?_SPRINTF?BYTE
  C:0898H         PUBLIC        _PRINTF
  C:0898H         PUBLIC        _PRINTF517
  C:0892H         PUBLIC        _SPRINTF
  C:0892H         PUBLIC        _SPRINTF517
  -------         ENDMOD        PRINTF

  -------         MODULE        ?C?MEMSET
  C:07BBH         PUBLIC        ?C?MEMSET
  -------         ENDMOD        ?C?MEMSET

  -------         MODULE        ?C?PLDIXDATA
  C:07E7H         PUBLIC        ?C?PLDIXDATA
  -------         ENDMOD        ?C?PLDIXDATA

  -------         MODULE        ?C?PSTXDATA
  C:07FEH         PUBLIC        ?C?PSTXDATA
  -------         ENDMOD        ?C?PSTXDATA

  -------         MODULE        ?C?CCASE
  C:0807H         PUBLIC        ?C?CCASE
  -------         ENDMOD        ?C?CCASE

  -------         MODULE        PUTCHAR
  C:3BFEH         PUBLIC        _PUTCHAR
  -------         ENDMOD        PUTCHAR

*** WARNING L16: UNCALLED SEGMENT, IGNORED FOR OVERLAY PROCESS
    SEGMENT: ?PR?IRQ_SEND?LT7911

*** WARNING L16: UNCALLED SEGMENT, IGNORED FOR OVERLAY PROCESS
BL51 BANKED LINKER/LOCATER V6.22.2.0                                                  11/25/2025  14:33:30  PAGE 78


    SEGMENT: ?PR?DISABLE_VSYNC?LT7911

*** WARNING L16: UNCALLED SEGMENT, IGNORED FOR OVERLAY PROCESS
    SEGMENT: ?PR?SET_I2S_D2_HIGH?LT7911

*** WARNING L16: UNCALLED SEGMENT, IGNORED FOR OVERLAY PROCESS
    SEGMENT: ?PR?SET_I2S_D2_LOW?LT7911

*** WARNING L16: UNCALLED SEGMENT, IGNORED FOR OVERLAY PROCESS
    SEGMENT: ?PR?FSVALUECHANGEDETECT?LT7911

*** WARNING L16: UNCALLED SEGMENT, IGNORED FOR OVERLAY PROCESS
    SEGMENT: ?PR?EQ_SCAN?DP

*** WARNING L16: UNCALLED SEGMENT, IGNORED FOR OVERLAY PROCESS
    SEGMENT: ?PR?DP_HDCP_CONFIG?DP

Program Size: data=82.1 xdata=1199 code=16162
LINK/LOCATE RUN COMPLETE.  7 WARNING(S),  0 ERROR(S)
