C51 COMPILER V9.60.0.0   MAIN                                                              11/25/2025 16:45:52 PAGE 1   


C51 COMPILER V9.60.0.0, COMPILATION OF MODULE MAIN
OBJECT MODULE PLACED IN .\Objects\main.obj
COMPILER INVOKED BY: D:\DevTools\Keil_5\Keil_v5\C51\BIN\C51.EXE ..\User\main.c LARGE OPTIMIZE(8,SPEED) BROWSE INCDIR(..\
                    -User) DEBUG OBJECTEXTEND PRINT(.\Listings\main.lst) OBJECT(.\Objects\main.obj)

line level    source

   1          #include "include.h"
   2          
   3          // 1920x1080@60Hz Timing
   4          TIMING g_TimingStr = 
   5          { 
   6                  148500  // PixelClock/1000
   7          ,       2200    // Htotal
   8          ,       1920    // Hactive
   9          ,       88              // Hfp
  10          ,       44              // Hsw
  11          ,       148             // Hbp
  12          ,       1125    // Vtotal
  13          ,       1080    // Vactive
  14          ,       4               // Vfp
  15          ,       5               // Vsw
  16          ,       36              // Vbp
  17          ,       1               // Hspol
  18          ,       1               // Vspol
  19          }; 
  20          
  21          
  22          DPCD g_DpcdSetStr = 
  23          { 
  24                  0x0A    // 0x14(5.4G)  & 0x0A(2.7G) & 0x06(1.62g)
  25          ,       0x02    // 0x04(dp 4lane) & 0x02(dp 2lane) & 0x01(dp 1lane)
  26          ,       0x00    // 0x01(SSC On) & 0x00(SSC Off)
  27          };
  28          
  29          MIPI g_MipiSetStr = 
  30          { 
  31                  Port_4lane                              // Port_4lane & Port_3lane & Port_2lane & Port_1lane
  32          ,       Burst_Mode                              // Burst_Mode & NonBurst_SyncPulse_Mode & NonBurst_SyncEvent_Mode 
  33          ,       NonContinuousClock              // ContinuousClock & NonContinuousClock
  34          };
  35          
  36          u8 FwVersion[6] = {0x16, 0x05, 0x25, 0x11, 0x25, 0x02};
  37          
  38          void Lt7911D_FwVersionSet(void)
  39          {
  40   1              BKD2_0C_REG = FwVersion[0]; // chip_write_i2c(0xD20C,FwVersion[0]);
  41   1              BKD2_0D_REG = FwVersion[1]; // chip_write_i2c(0xD20D,FwVersion[1]);
  42   1              BKD2_0E_REG = FwVersion[2]; // chip_write_i2c(0xD20E,FwVersion[2]);
  43   1              BKD2_0F_REG = FwVersion[3]; // chip_write_i2c(0xD20F,FwVersion[3]);
  44   1              BKD2_10_REG = FwVersion[4]; // chip_write_i2c(0xD210,FwVersion[4]);
  45   1              BKD2_11_REG = FwVersion[5]; // chip_write_i2c(0xD211,FwVersion[5]);
  46   1      }
  47          
  48          void main(void)
  49          {
  50   1              g_EdidBlockCalEnable = TRUE;
  51   1      
  52   1              g_ChipModel = LT7911D;             // LT7911D & LT7911
  53   1              g_InputType = Typec_Source;        // Typec_Source & Dp_Source
  54   1              g_DisplayMode = VideoCopyMode; // VideoCopyMode & SideBySideMode
C51 COMPILER V9.60.0.0   MAIN                                                              11/25/2025 16:45:52 PAGE 2   

  55   1              g_OutputMode = YUV422;                     // RGB & YUV422 & YUV444
  56   1              g_MipiFormat = YUV422_8bit;                // RGB888 & YUV422_8bit
  57   1              g_MipiType = CSI;                          // DSI & CSI
  58   1      
  59   1              Lt7911_InitialSteps();
  60   1      }


MODULE INFORMATION:   STATIC OVERLAYABLE
   CODE SIZE        =     86    ----
   CONSTANT SIZE    =   ----    ----
   XDATA SIZE       =     35    ----
   PDATA SIZE       =   ----    ----
   DATA SIZE        =   ----    ----
   IDATA SIZE       =   ----    ----
   BIT SIZE         =   ----    ----
END OF MODULE INFORMATION.


C51 COMPILATION COMPLETE.  0 WARNING(S),  0 ERROR(S)
