C51 COMPILER V9.60.0.0   MIPI                                                              11/25/2025 16:45:53 PAGE 1   


C51 COMPILER V9.60.0.0, COMPILATION OF MODULE MIPI
OBJECT MODULE PLACED IN .\Objects\mipi.obj
COMPILER INVOKED BY: D:\DevTools\Keil_5\Keil_v5\C51\BIN\C51.EXE ..\User\mipi.c LARGE OPTIMIZE(8,SPEED) BROWSE INCDIR(..\
                    -User) DEBUG OBJECTEXTEND PRINT(.\Listings\mipi.lst) OBJECT(.\Objects\mipi.obj)

line level    source

   1          #include "include.h"
   2          
   3          void chip_write_i2c(u8 xdata *p, u8 val)
   4          {
   5   1              *p = val;
   6   1      }
   7          
   8          u8 chip_read_i2c(u8 xdata *p)
   9          {
  10   1              return *p;
  11   1      }
  12          
  13          void DelayMs(u16 var)
  14          {
  15   1              u16 i;
  16   1              while (var--)
  17   1              {
  18   2                      for (i = 0; i < 350; i++)
  19   2                              ;
  20   2              }
  21   1      }
  22          
  23          bool VideoCheck(void)
  24          {
  25   1              u32 rd_PixelClock;
  26   1              u16 rd_Htotal, rd_Hactive, rd_Hstart, rd_Hfp, rd_Hsw, rd_Hbp;
  27   1              u16 rd_Vtotal, rd_Vactive, rd_Vstart;
  28   1              u8 rd_Vfp, rd_Vsw, rd_Vbp;
  29   1              u8 rd_Hspol, rd_Vspol;
  30   1      
  31   1              chip_write_i2c(0xD283, 0x10);
  32   1      
  33   1              chip_write_i2c(0xA034, 0x21);
  34   1              DelayMs(50);
  35   1              chip_write_i2c(0x9052, 0xE7); // close frequency meter
  36   1              rd_PixelClock = chip_read_i2c(0xB8B1);
  37   1              rd_PixelClock = (rd_PixelClock << 8) + chip_read_i2c(0xB8B2);
  38   1              rd_PixelClock = (rd_PixelClock << 8) + chip_read_i2c(0xB8B3);
  39   1              rd_PixelClock = 2 * rd_PixelClock;
  40   1              chip_write_i2c(0x9052, 0xFF); // open frequency mete
  41   1      
  42   1              chip_write_i2c(0xA034, 0x01);
  43   1      
  44   1      #if 0 // take video from video check
                      rd_Htotal = chip_read_i2c(0xD289) << 8;
                      rd_Htotal = rd_Htotal + chip_read_i2c(0xD28A);
                      rd_Htotal = rd_Htotal*2;
              
                      rd_Hactive = chip_read_i2c(0xD28B) << 8;
                      rd_Hactive = rd_Hactive + chip_read_i2c(0xD28C);
                      rd_Hactive = rd_Hactive*2;
              
                      rd_Hfp = chip_read_i2c(0xD29C) << 8;
                      rd_Hfp = rd_Hfp + chip_read_i2c(0xD29D);
C51 COMPILER V9.60.0.0   MIPI                                                              11/25/2025 16:45:53 PAGE 2   

                      rd_Hfp = rd_Hfp*2;
                      
                      rd_Hsw = chip_read_i2c(0xD294) << 8;
                      rd_Hsw = rd_Hsw + chip_read_i2c(0xD295);
                      rd_Hsw = rd_Hsw*2;
              
                      rd_Hbp = chip_read_i2c(0xD298) << 8;
                      rd_Hbp = rd_Hbp + chip_read_i2c(0xD299);
                      rd_Hbp = rd_Hbp*2;
              
                      rd_Vtotal =  chip_read_i2c(0xD29E) << 8;
                      rd_Vtotal = rd_Vtotal + chip_read_i2c(0xD29F);
                      
                      rd_Vactive =  chip_read_i2c(0xD296) << 8;
                      rd_Vactive = rd_Vactive + chip_read_i2c(0xD297);
                      
                      rd_Vfp = chip_read_i2c(0xD288);
                      rd_Vsw = chip_read_i2c(0xD286);
                      rd_Vbp = chip_read_i2c(0xD287);
              
                      rd_Hspol = (chip_read_i2c(0xD2A0) & 0x02) >> 1;
                      rd_Vspol = chip_read_i2c(0xD2A0) & 0x01;
              #endif
  78   1              // printf("\n[pixel clock] : %d MHZ\n", rd_PixelClock);
  79   1              // printf("\n[H] : %d (active %d, sync:%d, fp:%d, bp:%d)\n",  rd_Htotal, rd_Hactive, rd_Hsw, rd_Hfp, rd_H
             -bp);
  80   1              // printf("\n[V] : %d (active %d, sync:%d, fp:%d, bp:%d)\n",  rd_Vtotal, rd_Vactive, rd_Vsw, rd_Vfp, rd_V
             -bp);
  81   1      
  82   1      #if 1 ////take video from MSA
  83   1              rd_Htotal = chip_read_i2c(0xD1DB) << 8;
  84   1              rd_Htotal = rd_Htotal + chip_read_i2c(0xD1DC);
  85   1      
  86   1              rd_Hactive = chip_read_i2c(0xD1E7) << 8;
  87   1              rd_Hactive = rd_Hactive + chip_read_i2c(0xD1E8);
  88   1      
  89   1              rd_Hsw = (chip_read_i2c(0xD1DF) & 0x7F) << 8;
  90   1              rd_Hsw = rd_Hsw + chip_read_i2c(0xD1E0);
  91   1      
  92   1              rd_Hstart = chip_read_i2c(0xD1E1) << 8;
  93   1              rd_Hstart = rd_Hstart + chip_read_i2c(0xD1E2);
  94   1      
  95   1              rd_Hbp = rd_Hstart - rd_Hsw;
  96   1              rd_Hfp = rd_Htotal - rd_Hactive - rd_Hstart;
  97   1      
  98   1              rd_Vtotal = chip_read_i2c(0xD1DD) << 8;
  99   1              rd_Vtotal = rd_Vtotal + chip_read_i2c(0xD1DE);
 100   1      
 101   1              rd_Vactive = chip_read_i2c(0xD1E9) << 8;
 102   1              rd_Vactive = rd_Vactive + chip_read_i2c(0xD1EA);
 103   1      
 104   1              rd_Vsw = chip_read_i2c(0xD1E6);
 105   1      
 106   1              rd_Vstart = chip_read_i2c(0xD1E3) << 8;
 107   1              rd_Vstart = rd_Vstart + chip_read_i2c(0xD1E4);
 108   1      
 109   1              rd_Vbp = rd_Vstart - rd_Vsw;
 110   1              rd_Vfp = rd_Vtotal - rd_Vactive - rd_Vstart;
 111   1      
 112   1              rd_Hspol = !((chip_read_i2c(0xD1DF) & 0x80) >> 7);
 113   1              rd_Vspol = !((chip_read_i2c(0xD1E5) & 0x80) >> 7);
 114   1      #endif
C51 COMPILER V9.60.0.0   MIPI                                                              11/25/2025 16:45:53 PAGE 3   

 115   1      
 116   1              g_TimingStr.PixelClock = rd_PixelClock;
 117   1              g_TimingStr.Htotal = rd_Htotal;
 118   1              g_TimingStr.Hactive = rd_Hactive;
 119   1              g_TimingStr.Hfp = rd_Hfp;
 120   1              g_TimingStr.Hsw = rd_Hsw;
 121   1              g_TimingStr.Hbp = rd_Hbp;
 122   1              g_TimingStr.Vtotal = rd_Vtotal;
 123   1              g_TimingStr.Vactive = rd_Vactive;
 124   1              g_TimingStr.Vfp = rd_Vfp;
 125   1              g_TimingStr.Vsw = rd_Vsw;
 126   1              g_TimingStr.Vbp = rd_Vbp;
 127   1              g_TimingStr.Hspol = rd_Hspol;
 128   1              g_TimingStr.Vspol = rd_Vspol;
 129   1      
 130   1              return TRUE;
 131   1      }
 132          
 133          void ColorSpaceConversion(void)
 134          {
 135   1              u8 rd_ColorSpace = 0;
 136   1              u8 rd_RangeDetectDone = 0;
 137   1              u8 rd_RgbRange = 0;
 138   1      
 139   1              /**********CSCRangeDetect*************/
 140   1              chip_write_i2c(0xA050, 0x00);
 141   1              chip_write_i2c(0xA051, 0x02);
 142   1              chip_write_i2c(0xA052, 0x03);
 143   1              chip_write_i2c(0xA053, 0x00);
 144   1              chip_write_i2c(0xA054, 0xF1);
 145   1      
 146   1              chip_write_i2c(0xA050, chip_read_i2c(0xA050) | 0x02); // CSC range detect enable
 147   1              DelayMs(200);                                                                             // wait about 6frame
 148   1              rd_RangeDetectDone = chip_read_i2c(0xA00C) & 0x02;
 149   1              if (rd_RangeDetectDone)
 150   1              {
 151   2                      rd_RgbRange = chip_read_i2c(0xA00C) & 0x01;
 152   2              }
 153   1              chip_write_i2c(0xA050, chip_read_i2c(0xA050) & 0xFD); // CSC range detect disable
 154   1              /**************************************/
 155   1      
 156   1              rd_ColorSpace = chip_read_i2c(0xD1EB) & 0x06;
 157   1      
 158   1              if (rd_ColorSpace == 0x00) // RGB
 159   1              {
 160   2                      if (g_OutputMode == RGB)
 161   2                      {
 162   3                              if (rd_RgbRange == Full_Range)
 163   3                              {
 164   4                                      chip_write_i2c(0xA050, 0x04);
 165   4                                      chip_write_i2c(0xA055, 0x00);
 166   4                                      chip_write_i2c(0xA057, 0x00);
 167   4                              }
 168   3                              else // limited range -> full range
 169   3                              {
 170   4                                      chip_write_i2c(0xA050, 0x04);
 171   4                                      chip_write_i2c(0xA055, 0x00);
 172   4                                      chip_write_i2c(0xA057, 0x03);
 173   4                              }
 174   3                      }
 175   2                      else if (g_OutputMode == YUV444)
 176   2                      {
C51 COMPILER V9.60.0.0   MIPI                                                              11/25/2025 16:45:53 PAGE 4   

 177   3                              if (rd_RgbRange == Full_Range)
 178   3                              {
 179   4                                      chip_write_i2c(0xA050, 0x00);
 180   4                                      chip_write_i2c(0xA055, 0xF0);
 181   4                                      chip_write_i2c(0xA057, 0x00);
 182   4                              }
 183   3                              else
 184   3                              {
 185   4                                      chip_write_i2c(0xA050, 0x00);
 186   4                                      chip_write_i2c(0xA055, 0xE0);
 187   4                                      chip_write_i2c(0xA057, 0x00);
 188   4                              }
 189   3                      }
 190   2                      else if (g_OutputMode == YUV422)
 191   2                      {
 192   3                              if (rd_RgbRange == Full_Range)
 193   3                              {
 194   4                                      chip_write_i2c(0xA050, 0x00);
 195   4                                      chip_write_i2c(0xA055, 0xFC);
 196   4                                      chip_write_i2c(0xA057, 0x00);
 197   4                              }
 198   3                              else
 199   3                              {
 200   4                                      chip_write_i2c(0xA050, 0x00);
 201   4                                      chip_write_i2c(0xA055, 0xEC);
 202   4                                      chip_write_i2c(0xA057, 0x00);
 203   4                              }
 204   3                      }
 205   2              }
 206   1              else if (rd_ColorSpace == 0x02) // YUV422
 207   1              {
 208   2                      if (g_OutputMode == RGB)
 209   2                      {
 210   3                              chip_write_i2c(0xA050, 0x00);
 211   3                              chip_write_i2c(0xA055, 0x03);
 212   3                              chip_write_i2c(0xA057, 0x3c);
 213   3                      }
 214   2                      else if (g_OutputMode == YUV444)
 215   2                      {
 216   3                              chip_write_i2c(0xA050, 0x00);
 217   3                              chip_write_i2c(0xA055, 0x03);
 218   3                              chip_write_i2c(0xA057, 0x00);
 219   3                      }
 220   2                      else if (g_OutputMode == YUV422)
 221   2                      {
 222   3                              chip_write_i2c(0xA050, 0x04);
 223   3                              chip_write_i2c(0xA055, 0x00);
 224   3                              chip_write_i2c(0xA057, 0x00);
 225   3                      }
 226   2              }
 227   1              else if (rd_ColorSpace == 0x04) // YUV444
 228   1              {
 229   2                      if (g_OutputMode == RGB)
 230   2                      {
 231   3                              chip_write_i2c(0xA050, 0x00);
 232   3                              chip_write_i2c(0xA055, 0x00);
 233   3                              chip_write_i2c(0xA057, 0x3C);
 234   3                      }
 235   2                      else if (g_OutputMode == YUV444)
 236   2                      {
 237   3                              chip_write_i2c(0xA050, 0x04);
 238   3                              chip_write_i2c(0xA055, 0x00);
C51 COMPILER V9.60.0.0   MIPI                                                              11/25/2025 16:45:53 PAGE 5   

 239   3                              chip_write_i2c(0xA057, 0x00);
 240   3                      }
 241   2                      else if (g_OutputMode == YUV422)
 242   2                      {
 243   3                              chip_write_i2c(0xA050, 0x00);
 244   3                              chip_write_i2c(0xA055, 0x0C);
 245   3                              chip_write_i2c(0xA057, 0x00);
 246   3                      }
 247   2              }
 248   1      }
 249          
 250          void SyncPolAdjust(void)
 251          {
 252   1              if (g_TimingStr.Hspol != 0x01)
 253   1              {
 254   2                      chip_write_i2c(0xD205, chip_read_i2c(0xD205) | 0x04);
 255   2                      chip_write_i2c(0xD205, chip_read_i2c(0xD205) & 0xF7);
 256   2              }
 257   1      
 258   1              if (g_TimingStr.Vspol != 0x01)
 259   1              {
 260   2                      chip_write_i2c(0xD205, chip_read_i2c(0xD205) | 0x10);
 261   2                      chip_write_i2c(0xD205, chip_read_i2c(0xD205) & 0xDF);
 262   2              }
 263   1      }
 264          
 265          void MipiLaneSwap(void)
 266          {
 267   1              chip_write_i2c(0xA035, 0x43);
 268   1              chip_write_i2c(0xA036, 0x21);
 269   1              chip_write_i2c(0xA037, 0x04);
 270   1              chip_write_i2c(0xA038, 0x32);
 271   1              chip_write_i2c(0xA039, 0x10);
 272   1              chip_write_i2c(0xA03A, 0x43);
 273   1              chip_write_i2c(0xA03B, 0x21);
 274   1              chip_write_i2c(0xA03C, 0x04);
 275   1              chip_write_i2c(0xA03D, 0x32);
 276   1              chip_write_i2c(0xA03E, 0x10);
 277   1      }
 278          
 279          void MipiPortSet(void)
 280          {
 281   1      
 282   1              if (g_DisplayMode == VideoCopyMode)
 283   1              {
 284   2                      chip_write_i2c(0xA043, 0xFF);
 285   2              }
 286   1              else if (g_DisplayMode == SideBySideMode)
 287   1              {
 288   2                      if (g_ChipModel == LT7911D)
 289   2                      {
 290   3                              chip_write_i2c(0xA043, 0xF5);
 291   3                      }
 292   2                      else
 293   2                      {
 294   3                              chip_write_i2c(0xA043, 0xDD);
 295   3                      }
 296   2              }
 297   1      
 298   1              // port1
 299   1              chip_write_i2c(0xB055, 0x34);
 300   1              chip_write_i2c(0xB05D, 0x9F);
C51 COMPILER V9.60.0.0   MIPI                                                              11/25/2025 16:45:53 PAGE 6   

 301   1              chip_write_i2c(0xB05F, 0x9F);
 302   1              chip_write_i2c(0xB061, 0x8F);
 303   1              chip_write_i2c(0xB063, 0x9F);
 304   1              chip_write_i2c(0xB065, 0x9F);
 305   1              // port3
 306   1              chip_write_i2c(0xB077, 0x34);
 307   1              chip_write_i2c(0xB07F, 0x9F);
 308   1              chip_write_i2c(0xB081, 0x9F);
 309   1              chip_write_i2c(0xB083, 0x8F);
 310   1              chip_write_i2c(0xB085, 0x9F);
 311   1              chip_write_i2c(0xB087, 0x9F);
 312   1              if (g_ChipModel == LT7911)
 313   1              {
 314   2                      // port0
 315   2                      chip_write_i2c(0xB044, 0x34);
 316   2                      chip_write_i2c(0xB04C, 0x9F);
 317   2                      chip_write_i2c(0xB04E, 0x9F);
 318   2                      chip_write_i2c(0xB050, 0x8F);
 319   2                      chip_write_i2c(0xB052, 0x9F);
 320   2                      chip_write_i2c(0xB054, 0x9F);
 321   2                      // port2
 322   2                      chip_write_i2c(0xB066, 0x34);
 323   2                      chip_write_i2c(0xB06E, 0x9F);
 324   2                      chip_write_i2c(0xB070, 0x9F);
 325   2                      chip_write_i2c(0xB072, 0x8F);
 326   2                      chip_write_i2c(0xB074, 0x9F);
 327   2                      chip_write_i2c(0xB076, 0x9F);
 328   2              }
 329   1      }
 330          
 331          void MipiClockSet(void)
 332          {
 333   1              u16 rd_pixelclk = 0;
 334   1              u8 wr_byteclk = 0;
 335   1              u8 wr_freq_div = 0;
 336   1              u8 wr_mipiclock = 0;
 337   1              u8 m = 0;
 338   1              rd_pixelclk = (g_TimingStr.PixelClock / 1000);
 339   1      
 340   1              switch (g_MipiFormat)
 341   1              {
 342   2              case RGB888:
 343   2                      wr_byteclk = (rd_pixelclk * 3) / g_MipiSetStr.SetPortLaneNum / g_DisplayMode;
 344   2                      break;
 345   2              case YUV422_8bit:
 346   2                      wr_byteclk = (rd_pixelclk * 2) / g_MipiSetStr.SetPortLaneNum / g_DisplayMode;
 347   2                      break;
 348   2              default:
 349   2                      break;
 350   2              }
 351   1      
 352   1              wr_byteclk += OFFSET;
 353   1      
 354   1              if (wr_byteclk < 50)
 355   1              {
 356   2                      wr_byteclk = 50;
 357   2              }
 358   1      
 359   1              chip_write_i2c(0xB03A, 0x38);
 360   1              chip_write_i2c(0xB03B, 0x01);
 361   1      
 362   1              if ((wr_byteclk < 187) && (wr_byteclk >= 80))
C51 COMPILER V9.60.0.0   MIPI                                                              11/25/2025 16:45:53 PAGE 7   

 363   1              {
 364   2                      chip_write_i2c(0xB03E, 0x10);
 365   2                      wr_freq_div = 1;
 366   2              }
 367   1              else if ((wr_byteclk < 80) && (wr_byteclk >= 40))
 368   1              {
 369   2                      chip_write_i2c(0xB03E, 0x00);
 370   2                      wr_freq_div = 2;
 371   2              }
 372   1              else if ((wr_byteclk < 40) && (wr_byteclk >= 20))
 373   1              {
 374   2                      chip_write_i2c(0xB03E, 0x20);
 375   2                      wr_freq_div = 4;
 376   2              }
 377   1              else if ((wr_byteclk < 20) && (wr_byteclk >= 10))
 378   1              {
 379   2                      chip_write_i2c(0xB03E, 0x30);
 380   2                      wr_freq_div = 8;
 381   2              }
 382   1              chip_write_i2c(0xB03F, 0x10);
 383   1              chip_write_i2c(0xB040, 0x10);
 384   1              chip_write_i2c(0xB041, (wr_byteclk * wr_freq_div * 8) / 27);
 385   1      
 386   1              do
 387   1              {
 388   2                      m++;
 389   2                      chip_write_i2c(0x900F, 0xDF);
 390   2                      chip_write_i2c(0xB044, chip_read_i2c(0xB044) & 0xBF);
 391   2                      DelayMs(1);
 392   2                      chip_write_i2c(0x900F, 0xFF);
 393   2                      chip_write_i2c(0xB044, chip_read_i2c(0xB044) | 0x40);
 394   2                      DelayMs(100);
 395   2      
 396   2                      chip_write_i2c(0xB81e, 0x00);
 397   2                      DelayMs(10);
 398   2                      chip_write_i2c(0xB81e, 0x01);
 399   2                      DelayMs(10);
 400   2                      chip_write_i2c(0xB81e, 0x03);
 401   2                      DelayMs(100);
 402   2              } while ((m < 3) && (!(chip_read_i2c(0xB8B0) & 0x10)));
 403   1      
 404   1              chip_write_i2c(0xA034, 0x1A);
 405   1              DelayMs(10);
 406   1              chip_write_i2c(0x9052, 0xE7); // close frequency meter
 407   1              g_MipiByteClock = chip_read_i2c(0xB8B1);
 408   1              g_MipiByteClock = (g_MipiByteClock << 8) + chip_read_i2c(0xB8B2);
 409   1              g_MipiByteClock = (g_MipiByteClock << 8) + chip_read_i2c(0xB8B3);
 410   1              chip_write_i2c(0x9052, 0xFF); // open frequency meter
 411   1      
 412   1              chip_write_i2c(0xA034, 0x01);
 413   1              wr_mipiclock = g_MipiByteClock * 4;
 414   1              // printf("\n[MIPI] : %d MHz@ %d  lanes\n", wr_mipiclock , g_MipiSetStr.SetPortLaneNum);
 415   1      }
 416          
 417          void MipiDphySet(void)
 418          {
 419   1              u8 rdbyteclk, wrhslpx, wrhsprep, wrhszero, wrhstrail;
 420   1              u8 wrclktrail, wrclkprpr, wrclkzero;
 421   1      
 422   1              rdbyteclk = g_MipiByteClock / 1000;
 423   1      
 424   1              wrhslpx = rdbyteclk / 10;               // hs lpx > 50ns
C51 COMPILER V9.60.0.0   MIPI                                                              11/25/2025 16:45:53 PAGE 8   

 425   1              wrhsprep = rdbyteclk / 18 + 2;  // hs prep : (40ns + 4*UI)~(85ns + 6*UI)
 426   1              wrhszero = rdbyteclk / 6 + 1;   // hs zero > 145ns + 10UI - hsprep
 427   1              wrhstrail = rdbyteclk / 10 + 5; // 60+4UI ~ 100+12UI与测量值符合
 428   1      
 429   1              wrclktrail = rdbyteclk / 12 + 1; // 60ns ~ 100+12UI 与测量值符合，Clock post设计有误，写成1防止重叠；
 430   1              wrclkprpr = rdbyteclk / 25;              // 38ns~95ns与实际值符合
 431   1              wrclkzero = rdbyteclk / 5;               // Clkzero > 300ns - clkprpr ;比测量值小2
 432   1      
 433   1              chip_write_i2c(0x900A, 0xBE);
 434   1              chip_write_i2c(0x900A, 0xBF);
 435   1      
 436   1              chip_write_i2c(0xB044, chip_read_i2c(0xB044) | 0x80);
 437   1              chip_write_i2c(0xA044, 0xC0);
 438   1              chip_write_i2c(0xA049, 0x80);
 439   1      
 440   1              chip_write_i2c(0xC200, 0x00);
 441   1      
 442   1              chip_write_i2c(0xC201, 0x00);
 443   1              chip_write_i2c(0xC256, 0x00);
 444   1      
 445   1              chip_write_i2c(0xC220, 0x0F);
 446   1              chip_write_i2c(0xC225, 0x11);
 447   1              chip_write_i2c(0xC22C, 0x11);
 448   1      
 449   1              // chip_write_i2c(0xC221, rdbyteclk/12 + 8);//ck_post  0x05
 450   1              chip_write_i2c(0xC222, wrclktrail); // ck_trail 0x05
 451   1              chip_write_i2c(0xC223, wrclkprpr);      // ck_prpr 0x07
 452   1              chip_write_i2c(0xC224, wrclkzero);      // ck_zero      0x1f
 453   1      
 454   1              // Port 1
 455   1              chip_write_i2c(0xC22F, wrhsprep); // pt1_hs_prpr
 456   1              chip_write_i2c(0xC230, wrhslpx);  // pt1_lpx
 457   1              chip_write_i2c(0xC231, 0xAA);     // pt1_cklane_data
 458   1              // Port3
 459   1              chip_write_i2c(0xC252, wrhsprep); // pt3_hs_prpr
 460   1              chip_write_i2c(0xC253, wrhslpx);  // pt3_lpx
 461   1              chip_write_i2c(0xC254, 0xAA);     // pt3_cklane_data
 462   1      
 463   1              if (g_ChipModel == LT7911)
 464   1              {
 465   2                      // Port 0
 466   2                      chip_write_i2c(0xC226, wrhslpx);  // pt0_lpx
 467   2                      chip_write_i2c(0xC227, wrhsprep); // pt0_hs_prpr
 468   2                      chip_write_i2c(0xC22E, 0xAA);     // pt0_cklane_data
 469   2                      // Port2
 470   2                      chip_write_i2c(0xC232, wrhsprep); // pt2_hs_prpr  0x07
 471   2                      chip_write_i2c(0xC233, wrhslpx);  // pt2_lpx    0x07
 472   2                      chip_write_i2c(0xC251, 0xAA);     // pt2_cklane_data
 473   2              }
 474   1      
 475   1              chip_write_i2c(0xC228, wrhstrail);                                         // hs_trail          //Aaron   =0x0a
 476   1              chip_write_i2c(0xC22A, wrhslpx + wrhsprep + wrhszero); // hs_rqst_pre_cnt =0x1a
 477   1      
 478   1              chip_write_i2c(0xC21B, 0x10);
 479   1              chip_write_i2c(0xC21D, 0x50);
 480   1              chip_write_i2c(0xC22D, 0x50); // cmd_rqst_len
 481   1      }
 482          
 483          void MipiProtocalSet(void)
 484          {
 485   1              chip_write_i2c(0xC20C, g_TimingStr.Hactive / 256);
 486   1              chip_write_i2c(0xC20D, g_TimingStr.Hactive % 256);
C51 COMPILER V9.60.0.0   MIPI                                                              11/25/2025 16:45:53 PAGE 9   

 487   1              chip_write_i2c(0xC235, g_TimingStr.Vsw + g_TimingStr.Vbp);
 488   1      
 489   1              chip_write_i2c(0xC206, g_TimingStr.Vactive / 256);
 490   1              chip_write_i2c(0xC207, g_TimingStr.Vactive % 256);
 491   1      
 492   1              chip_write_i2c(0xC20F, 0x55);
 493   1              if (g_DisplayMode == VideoCopyMode)
 494   1              {
 495   2                      switch (g_MipiType)
 496   2                      {
 497   3                      case DSI:
 498   3                              chip_write_i2c(0xC238, g_TimingStr.Hactive / 256);
 499   3                              chip_write_i2c(0xC239, g_TimingStr.Hactive % 256);
 500   3                              chip_write_i2c(0xC204, g_TimingStr.Vsw);
 501   3                              chip_write_i2c(0xC205, g_TimingStr.Vbp);
 502   3                              chip_write_i2c(0xC208, g_TimingStr.Vfp);
 503   3                              chip_write_i2c(0xC209, 0x0A);
 504   3                              chip_write_i2c(0xC20A, 0x0A);
 505   3                              chip_write_i2c(0xC20B, 0x0A);
 506   3                              if (g_MipiFormat == RGB888)
 507   3                              {
 508   4                                      chip_write_i2c(0xC217, 0x26);
 509   4                                      chip_write_i2c(0xC212, 0x3E);
 510   4                                      // printf(">> MIPI format is DSI RGB888 , datetype is 0x3E!\n");
 511   4                              }
 512   3                              else if (g_MipiFormat == YUV422_8bit)
 513   3                              {
 514   4                                      chip_write_i2c(0xC217, 0x24);
 515   4                                      chip_write_i2c(0xC212, 0x1C);
 516   4                                      // printf(">> MIPI format is DSI YUV422 8bit UYVY, datatype is 0x1C! \n");
 517   4                              }
 518   3      
 519   3                              break;
 520   3                      case CSI:
 521   3                              chip_write_i2c(0xC238, g_TimingStr.Hactive / 256);
 522   3                              chip_write_i2c(0xC239, g_TimingStr.Hactive % 256);
 523   3                              chip_write_i2c(0xC204, g_TimingStr.Vsw + g_TimingStr.Vbp - 1);
 524   3                              chip_write_i2c(0xC205, 0x01);
 525   3                              chip_write_i2c(0xC208, 0x00);
 526   3                              chip_write_i2c(0xC209, 0x01);
 527   3                              chip_write_i2c(0xC20A, 0x01);
 528   3                              chip_write_i2c(0xC20B, 0x01);
 529   3                              if (g_MipiFormat == RGB888)
 530   3                              {
 531   4                                      chip_write_i2c(0xC217, 0x26);
 532   4                                      chip_write_i2c(0xC212, 0x24);
 533   4                                      // printf(">> MIPI format is CSI YUV422 8bit UYVY, datatype is 0x24! \n");
 534   4                              }
 535   3                              else if (g_MipiFormat == YUV422_8bit)
 536   3                              {
 537   4                                      chip_write_i2c(0xC217, 0x24);
 538   4                                      chip_write_i2c(0xC212, 0x1E);
 539   4                                      // printf(">> MIPI format is CSI YUV422 8bit UYVY, datatype is 0x1E! \n");
 540   4                              }
 541   3                              break;
 542   3                      }
 543   2              }
 544   1              else
 545   1              {
 546   2                      chip_write_i2c(0xC210, (g_TimingStr.Hactive / 4) / 256);
 547   2                      chip_write_i2c(0xC211, (g_TimingStr.Hactive / 4) % 256);
 548   2                      switch (g_MipiType)
C51 COMPILER V9.60.0.0   MIPI                                                              11/25/2025 16:45:53 PAGE 10  

 549   2                      {
 550   3                      case DSI:
 551   3                              chip_write_i2c(0xC238, (g_TimingStr.Hactive / 2) / 256);
 552   3                              chip_write_i2c(0xC239, (g_TimingStr.Hactive / 2) % 256);
 553   3                              chip_write_i2c(0xC204, g_TimingStr.Vsw);
 554   3                              chip_write_i2c(0xC205, g_TimingStr.Vbp);
 555   3                              chip_write_i2c(0xC208, g_TimingStr.Vfp);
 556   3                              chip_write_i2c(0xC209, 0x0A);
 557   3                              chip_write_i2c(0xC20A, 0x0A);
 558   3                              chip_write_i2c(0xC20B, 0x0A);
 559   3                              chip_write_i2c(0xC236, (g_TimingStr.Hactive / 2) / 256);
 560   3                              chip_write_i2c(0xC237, (g_TimingStr.Hactive / 2) % 256);
 561   3                              chip_write_i2c(0xC257, g_TimingStr.Vsw);
 562   3                              chip_write_i2c(0xC258, g_TimingStr.Vbp);
 563   3                              chip_write_i2c(0xC259, g_TimingStr.Vfp);
 564   3                              chip_write_i2c(0xC25A, 0x0A);
 565   3                              chip_write_i2c(0xC25B, 0x0A);
 566   3                              chip_write_i2c(0xC25C, 0x0A);
 567   3                              if (g_MipiFormat == RGB888)
 568   3                              {
 569   4                                      chip_write_i2c(0xC217, 0xA6);
 570   4                                      chip_write_i2c(0xC24C, 0xA6);
 571   4                                      chip_write_i2c(0xC212, 0x3E);
 572   4                                      chip_write_i2c(0xC25D, 0x3E);
 573   4                                      // printf(">> MIPI format is DSI RGB888 , datetype is 0x3E!\n");
 574   4                              }
 575   3                              else if (g_MipiFormat == YUV422_8bit)
 576   3                              {
 577   4                                      chip_write_i2c(0xC217, 0xA4);
 578   4                                      chip_write_i2c(0xC24C, 0xA4);
 579   4                                      chip_write_i2c(0xC212, 0x1C);
 580   4                                      chip_write_i2c(0xC25D, 0x1C);
 581   4                                      // printf(">> MIPI format is DSI YUV422 8bit UYVY, datatype is 0x1C! \n");
 582   4                              }
 583   3      
 584   3                              break;
 585   3                      case CSI:
 586   3                              chip_write_i2c(0xC238, (g_TimingStr.Hactive / 2) / 256);
 587   3                              chip_write_i2c(0xC239, (g_TimingStr.Hactive / 2) % 256);
 588   3                              chip_write_i2c(0xC204, g_TimingStr.Vsw + g_TimingStr.Vbp - 1);
 589   3                              chip_write_i2c(0xC205, 0x01);
 590   3                              chip_write_i2c(0xC208, 0x00);
 591   3                              chip_write_i2c(0xC209, 0x01);
 592   3                              chip_write_i2c(0xC20A, 0x01);
 593   3                              chip_write_i2c(0xC20B, 0x01);
 594   3                              chip_write_i2c(0xC236, (g_TimingStr.Hactive / 2) / 256);
 595   3                              chip_write_i2c(0xC237, (g_TimingStr.Hactive / 2) % 256);
 596   3                              chip_write_i2c(0xC257, g_TimingStr.Vsw + g_TimingStr.Vbp - 1);
 597   3                              chip_write_i2c(0xC258, 0x01);
 598   3                              chip_write_i2c(0xC259, 0x00);
 599   3                              chip_write_i2c(0xC25A, 0x01);
 600   3                              chip_write_i2c(0xC25B, 0x01);
 601   3                              chip_write_i2c(0xC25C, 0x01);
 602   3                              if (g_MipiFormat == RGB888)
 603   3                              {
 604   4                                      chip_write_i2c(0xC217, 0xA6);
 605   4                                      chip_write_i2c(0xC24C, 0xA6);
 606   4                                      chip_write_i2c(0xC212, 0x24);
 607   4                                      chip_write_i2c(0xC25D, 0x24);
 608   4                                      // printf(">> MIPI format is CSI YUV422 8bit UYVY, datatype is 0x24! \n");
 609   4                              }
 610   3                              else if (g_MipiFormat == YUV422_8bit)
C51 COMPILER V9.60.0.0   MIPI                                                              11/25/2025 16:45:53 PAGE 11  

 611   3                              {
 612   4                                      chip_write_i2c(0xC217, 0xA4);
 613   4                                      chip_write_i2c(0xC24C, 0xA4);
 614   4                                      chip_write_i2c(0xC212, 0x1E);
 615   4                                      chip_write_i2c(0xC25D, 0x1E);
 616   4                                      // printf(">> MIPI format is CSI YUV422 8bit UYVY, datatype is 0x1E! \n");
 617   4                              }
 618   3                              break;
 619   3                      }
 620   2              }
 621   1      }
 622          
 623          void MipiRdDlyCal(void)
 624          {
 625   1              u32 rd_dly = 0;
 626   1              u16 rd_Hsw, rd_Hbp, rd_Hactive;
 627   1              u32 m, x, y = 0;
 628   1              u16 rdpixclk = 0;
 629   1              u16 rdbyteclk = 0;
 630   1      
 631   1              chip_write_i2c(0xA034, 0x1A);
 632   1              DelayMs(10);
 633   1              g_MipiByteClock = chip_read_i2c(0xB8B1);
 634   1              g_MipiByteClock = (g_MipiByteClock << 8) + chip_read_i2c(0xB8B2);
 635   1              g_MipiByteClock = (g_MipiByteClock << 8) + chip_read_i2c(0xB8B3);
 636   1              chip_write_i2c(0xA034, 0x01);
 637   1      
 638   1              rdpixclk = g_TimingStr.PixelClock / 1000 / g_DisplayMode;
 639   1              rdbyteclk = g_MipiByteClock / 1000;
 640   1              // printf("\n[PixClock]  : %d MHz\n", rdpixclk);
 641   1              rd_Hsw = g_TimingStr.Hsw / g_DisplayMode;
 642   1              rd_Hbp = g_TimingStr.Hbp / g_DisplayMode;
 643   1              rd_Hactive = g_TimingStr.Hactive / g_DisplayMode;
 644   1              // printf(" \n[H]  : Hsw:%d  Hbp:%d  Hactive :%d  \n",   rdhsw, rdhbp, rdhactive);
 645   1      
 646   1              m = rd_Hsw + rd_Hbp + rd_Hactive;
 647   1              x = m * (rdbyteclk + 1);
 648   1              y = x / (rdpixclk - 1);
 649   1      
 650   1              if (g_MipiFormat == YUV422_8bit)
 651   1              {
 652   2                      rd_dly = y - (2 * rd_Hactive) / g_MipiSetStr.SetPortLaneNum;
 653   2              }
 654   1              else if (g_MipiFormat == RGB888)
 655   1              {
 656   2                      rd_dly = y - (3 * rd_Hactive) / g_MipiSetStr.SetPortLaneNum;
 657   2              }
 658   1              g_RdDly = rd_dly;
 659   1      }
 660          
 661          void MipiVideoSet(void)
 662          {
 663   1              chip_write_i2c(0xC21C, 0x00);
 664   1              switch (g_MipiSetStr.SetPortLaneNum)
 665   1              {
 666   2              case 4:
 667   2                      chip_write_i2c(0xC201, 0x00 | g_MipiSetStr.SetVideoMode | g_MipiType);
 668   2                      chip_write_i2c(0xC256, 0x00 | g_MipiSetStr.SetVideoMode | g_MipiType);
 669   2                      chip_write_i2c(0xC202, 0x01);
 670   2                      chip_write_i2c(0xC203, 0x55);
 671   2                      break;
 672   2              case 3:
C51 COMPILER V9.60.0.0   MIPI                                                              11/25/2025 16:45:53 PAGE 12  

 673   2                      chip_write_i2c(0xC201, 0x30 | g_MipiSetStr.SetVideoMode | g_MipiType);
 674   2                      chip_write_i2c(0xC256, 0x30 | g_MipiSetStr.SetVideoMode | g_MipiType);
 675   2                      chip_write_i2c(0xC202, 0x01);
 676   2                      chip_write_i2c(0xC203, 0x90);
 677   2                      break;
 678   2              case 2:
 679   2                      chip_write_i2c(0xC201, 0x20 | g_MipiSetStr.SetVideoMode | g_MipiType);
 680   2                      chip_write_i2c(0xC256, 0x20 | g_MipiSetStr.SetVideoMode | g_MipiType);
 681   2                      chip_write_i2c(0xC202, 0x02);
 682   2                      chip_write_i2c(0xC203, 0x58);
 683   2                      break;
 684   2              case 1:
 685   2                      chip_write_i2c(0xC201, 0x10 | g_MipiSetStr.SetVideoMode | g_MipiType);
 686   2                      chip_write_i2c(0xC256, 0x10 | g_MipiSetStr.SetVideoMode | g_MipiType);
 687   2                      chip_write_i2c(0xC202, 0x03);
 688   2                      chip_write_i2c(0xC203, 0x00);
 689   2                      break;
 690   2              }
 691   1              DelayMs(20);
 692   1              chip_write_i2c(0xC200, g_MipiSetStr.SetClockMode);
 693   1              if (g_MipiType == DSI) // only DSI needs EOTP
 694   1              {
 695   2                      chip_write_i2c(0xC214, chip_read_i2c(0xC214) | 0x80);
 696   2                      chip_write_i2c(0xC200, chip_read_i2c(0xC200) | 0x80);
 697   2              }
 698   1              else
 699   1              {
 700   2                      chip_write_i2c(0xC202, g_RdDly / 256);
 701   2                      chip_write_i2c(0xC203, g_RdDly % 256);
 702   2              }
 703   1      }
 704          
 705          void MipiInitial(void)
 706          {
 707   1              VideoCheck();
 708   1              MipiLaneSwap();
 709   1              MipiPortSet();
 710   1              MipiClockSet();
 711   1              MipiDphySet();
 712   1              if (g_MipiType == DSI)
 713   1              {
 714   2                      InitPanel();
 715   2              }
 716   1              else
 717   1              {
 718   2                      MipiRdDlyCal();
 719   2              }
 720   1              ColorSpaceConversion();
 721   1              SyncPolAdjust();
 722   1              MipiProtocalSet();
 723   1              MipiVideoSet();
 724   1      }


MODULE INFORMATION:   STATIC OVERLAYABLE
   CODE SIZE        =   4164    ----
   CONSTANT SIZE    =   ----    ----
   XDATA SIZE       =   ----      51
   PDATA SIZE       =   ----    ----
   DATA SIZE        =   ----    ----
   IDATA SIZE       =   ----    ----
   BIT SIZE         =   ----    ----
C51 COMPILER V9.60.0.0   MIPI                                                              11/25/2025 16:45:53 PAGE 13  

END OF MODULE INFORMATION.


C51 COMPILATION COMPLETE.  0 WARNING(S),  0 ERROR(S)
